<html>
<body>
<pre>
<h1>µVision Build Log</h1>
<h2>Project:</h2>
D:\Code\stm32\DAY_0211\stepper_motor\YT32B1_STM32F103_demo.uvproj
Project File Date:  02/09/2024

<h2>Output:</h2>
Build target 'Target 1'
compiling main.c...
linking...
Program Size: Code=5164 RO-data=268 RW-data=44 ZI-data=1636  
FromELF: creating hex file...
"YT32B1_STM32F103_demo.axf" - 0 Error(s), 0 Warning(s).
Build target 'Target 1'
compiling main.c...
linking...
Program Size: Code=5164 RO-data=268 RW-data=44 ZI-data=1636  
FromELF: creating hex file...
"YT32B1_STM32F103_demo.axf" - 0 Error(s), 0 Warning(s).
