<html>
<body>
<pre>
<h1>µVision Build Log</h1>
<h2>Project:</h2>
D:\Code\stm32\DAY_0202\temperature_oled\YT32B1_STM32F103_demo.uvproj
Project File Date:  02/02/2024

<h2>Output:</h2>
Build target 'Target 1'
compiling main.c...
compiling stm32f10x_it.c...
compiling delay.c...
compiling sys.c...
compiling flash.c...
compiling usart.c...
compiling rtc.c...
compiling i2c.c...
compiling led.c...
compiling key.c...
compiling buzzer.c...
compiling touch_key.c...
compiling TM1640.c...
compiling encoder.c...
compiling lm75a.c...
compiling oled0561.c...
linking...
Program Size: Code=15916 RO-data=2344 RW-data=60 ZI-data=1836  
FromELF: creating hex file...
"YT32B1_STM32F103_demo.axf" - 0 Error(s), 0 Warning(s).
