ARM Linker, 5.02 [Build 28] [MDK-ARM Standard]

==============================================================================

Section Cross References

    system_stm32f10x.o(.text) refers to system_stm32f10x.o(.data) for SystemCoreClock
    stm32f10x_gpio.o(.text) refers to stm32f10x_rcc.o(.text) for RCC_APB2PeriphResetCmd
    stm32f10x_rcc.o(.text) refers to stm32f10x_rcc.o(.data) for APBAHBPrescTable
    stm32f10x_usart.o(.text) refers to stm32f10x_rcc.o(.text) for RCC_APB2PeriphResetCmd
    stm32f10x_bkp.o(.text) refers to stm32f10x_rcc.o(.text) for RCC_BackupResetCmd
    stm32f10x_pwr.o(.text) refers to stm32f10x_rcc.o(.text) for RCC_APB1PeriphResetCmd
    startup_stm32f10x_md.o(STACK) refers (Special) to heapauxi.o(.text) for __use_two_region_memory
    startup_stm32f10x_md.o(HEAP) refers (Special) to heapauxi.o(.text) for __use_two_region_memory
    startup_stm32f10x_md.o(RESET) refers (Special) to heapauxi.o(.text) for __use_two_region_memory
    startup_stm32f10x_md.o(RESET) refers to startup_stm32f10x_md.o(STACK) for __initial_sp
    startup_stm32f10x_md.o(RESET) refers to startup_stm32f10x_md.o(.text) for Reset_Handler
    startup_stm32f10x_md.o(RESET) refers to stm32f10x_it.o(.text) for NMI_Handler
    startup_stm32f10x_md.o(RESET) refers to rtc.o(.text) for RTC_IRQHandler
    startup_stm32f10x_md.o(RESET) refers to usart.o(.text) for USART1_IRQHandler
    startup_stm32f10x_md.o(.text) refers (Special) to heapauxi.o(.text) for __use_two_region_memory
    startup_stm32f10x_md.o(.text) refers to system_stm32f10x.o(.text) for SystemInit
    startup_stm32f10x_md.o(.text) refers to __main.o(!!!main) for __main
    startup_stm32f10x_md.o(.text) refers to startup_stm32f10x_md.o(HEAP) for Heap_Mem
    startup_stm32f10x_md.o(.text) refers to startup_stm32f10x_md.o(STACK) for Stack_Mem
    main.o(.text) refers to _printf_percent.o(.ARM.Collect$$_printf_percent$$00000000) for _printf_percent
    main.o(.text) refers to _printf_d.o(.ARM.Collect$$_printf_percent$$00000009) for _printf_d
    main.o(.text) refers to _printf_dec.o(.text) for _printf_int_dec
    main.o(.text) refers to _printf_x.o(.ARM.Collect$$_printf_percent$$0000000C) for _printf_x
    main.o(.text) refers to _printf_hex_int_ll_ptr.o(.text) for _printf_longlong_hex
    main.o(.text) refers to sys.o(.text) for RCC_Configuration
    main.o(.text) refers to rtc.o(.text) for RTC_Config
    main.o(.text) refers to led.o(.text) for LED_Init
    main.o(.text) refers to key.o(.text) for KEY_Init
    main.o(.text) refers to buzzer.o(.text) for BUZZER_Init
    main.o(.text) refers to usart.o(.text) for USART1_Init
    main.o(.text) refers to __2printf.o(.text) for __2printf
    main.o(.text) refers to stm32f10x_bkp.o(.text) for BKP_WriteBackupRegister
    main.o(.text) refers to usart.o(.data) for USART1_RX_STA
    main.o(.text) refers to rtc.o(.data) for rsec
    main.o(.text) refers to usart.o(.bss) for USART1_RX_BUF
    sys.o(.text) refers to misc.o(.text) for NVIC_PriorityGroupConfig
    sys.o(.text) refers to stm32f10x_rcc.o(.text) for RCC_DeInit
    sys.o(.text) refers to stm32f10x_flash.o(.text) for FLASH_SetLatency
    flash.o(.text) refers to stm32f10x_flash.o(.text) for FLASH_Unlock
    usart.o(.text) refers (Special) to use_no_semi_2.o(.text) for __use_no_semihosting
    usart.o(.text) refers to _printf_percent.o(.ARM.Collect$$_printf_percent$$00000000) for _printf_percent
    usart.o(.text) refers to _printf_c.o(.ARM.Collect$$_printf_percent$$00000013) for _printf_c
    usart.o(.text) refers to _printf_str.o(.text) for _printf_str
    usart.o(.text) refers to c89vsnprintf.o(.text) for __c89vsnprintf
    usart.o(.text) refers to stm32f10x_usart.o(.text) for USART_SendData
    usart.o(.text) refers to strlen.o(.text) for strlen
    usart.o(.text) refers to stm32f10x_rcc.o(.text) for RCC_APB2PeriphClockCmd
    usart.o(.text) refers to stm32f10x_gpio.o(.text) for GPIO_Init
    usart.o(.text) refers to misc.o(.text) for NVIC_Init
    usart.o(.text) refers to __2printf.o(.text) for __2printf
    usart.o(.text) refers to usart.o(.data) for USART1_RX_STA
    usart.o(.text) refers to usart.o(.bss) for USART1_RX_BUF
    usart.o(.bss) refers (Special) to use_no_semi_2.o(.text) for __use_no_semihosting
    usart.o(.data) refers (Special) to use_no_semi_2.o(.text) for __use_no_semihosting
    rtc.o(.text) refers to stm32f10x_rcc.o(.text) for RCC_APB1PeriphClockCmd
    rtc.o(.text) refers to stm32f10x_pwr.o(.text) for PWR_BackupAccessCmd
    rtc.o(.text) refers to stm32f10x_bkp.o(.text) for BKP_DeInit
    rtc.o(.text) refers to stm32f10x_rtc.o(.text) for RTC_WaitForSynchro
    rtc.o(.text) refers to rtc.o(.constdata) for mon_table
    rtc.o(.text) refers to rtc.o(.data) for daycnt
    led.o(.text) refers to stm32f10x_rcc.o(.text) for RCC_APB2PeriphClockCmd
    led.o(.text) refers to stm32f10x_gpio.o(.text) for GPIO_Init
    key.o(.text) refers to stm32f10x_rcc.o(.text) for RCC_APB2PeriphClockCmd
[...]
    ../clib/printf_percent.s                 0x00000000   Number         0  _printf_x.o ABSOLUTE
    ../clib/printf_percent.s                 0x00000000   Number         0  _printf_s.o ABSOLUTE
    ../clib/printf_percent.s                 0x00000000   Number         0  _printf_n.o ABSOLUTE
    ../clib/signal.c                         0x00000000   Number         0  defsig_abrt_inner.o ABSOLUTE
    ../clib/signal.c                         0x00000000   Number         0  defsig_exit.o ABSOLUTE
    ../clib/signal.c                         0x00000000   Number         0  defsig_segv_inner.o ABSOLUTE
    ../clib/signal.c                         0x00000000   Number         0  defsig_rtmem_inner.o ABSOLUTE
    ../clib/signal.c                         0x00000000   Number         0  defsig_rtred_inner.o ABSOLUTE
    ../clib/signal.c                         0x00000000   Number         0  __raise.o ABSOLUTE
    ../clib/signal.c                         0x00000000   Number         0  defsig_fpe_inner.o ABSOLUTE
    ../clib/signal.c                         0x00000000   Number         0  defsig_stak_inner.o ABSOLUTE
    ../clib/signal.c                         0x00000000   Number         0  defsig_pvfn_inner.o ABSOLUTE
    ../clib/signal.c                         0x00000000   Number         0  defsig_rtmem_outer.o ABSOLUTE
    ../clib/signal.c                         0x00000000   Number         0  defsig_general.o ABSOLUTE
    ../clib/signal.c                         0x00000000   Number         0  defsig_rtmem_formal.o ABSOLUTE
    ../clib/signal.c                         0x00000000   Number         0  defsig_other.o ABSOLUTE
    ../clib/signal.c                         0x00000000   Number         0  defsig_cppl_inner.o ABSOLUTE
    ../clib/signal.s                         0x00000000   Number         0  defsig.o ABSOLUTE
    ../clib/stdio.c                          0x00000000   Number         0  ferror.o ABSOLUTE
    ../clib/stdio.c                          0x00000000   Number         0  ferror_locked.o ABSOLUTE
    ../clib/stdlib.c                         0x00000000   Number         0  exit.o ABSOLUTE
    ../clib/string.c                         0x00000000   Number         0  strlen.o ABSOLUTE
    ../fplib/fpinit.s                        0x00000000   Number         0  fpinit.o ABSOLUTE
    ../fplib/istatus.s                       0x00000000   Number         0  istatus.o ABSOLUTE
    ../fplib/printf1.s                       0x00000000   Number         0  printf1.o ABSOLUTE
    ../fplib/usenofp.s                       0x00000000   Number         0  usenofp.o ABSOLUTE
    ../mathlib/fpclassify.c                  0x00000000   Number         0  fpclassify.o ABSOLUTE
    Basic\delay\delay.c                      0x00000000   Number         0  delay.o ABSOLUTE
    Basic\flash\flash.c                      0x00000000   Number         0  flash.o ABSOLUTE
    Basic\rtc\rtc.c                          0x00000000   Number         0  rtc.o ABSOLUTE
    Basic\sys\sys.c                          0x00000000   Number         0  sys.o ABSOLUTE
    Basic\usart\usart.c                      0x00000000   Number         0  usart.o ABSOLUTE
    CMSIS\\core_cm3.c                        0x00000000   Number         0  core_cm3.o ABSOLUTE
    CMSIS\core_cm3.c                         0x00000000   Number         0  core_cm3.o ABSOLUTE
    CMSIS\system_stm32f10x.c                 0x00000000   Number         0  system_stm32f10x.o ABSOLUTE
    Hardware\BUZZER\buzzer.c                 0x00000000   Number         0  buzzer.o ABSOLUTE
    Hardware\KEY\key.c                       0x00000000   Number         0  key.o ABSOLUTE
    Hardware\LED\led.c                       0x00000000   Number         0  led.o ABSOLUTE
    Lib\src\misc.c                           0x00000000   Number         0  misc.o ABSOLUTE
    Lib\src\stm32f10x_bkp.c                  0x00000000   Number         0  stm32f10x_bkp.o ABSOLUTE
    Lib\src\stm32f10x_flash.c                0x00000000   Number         0  stm32f10x_flash.o ABSOLUTE
    Lib\src\stm32f10x_gpio.c                 0x00000000   Number         0  stm32f10x_gpio.o ABSOLUTE
    Lib\src\stm32f10x_pwr.c                  0x00000000   Number         0  stm32f10x_pwr.o ABSOLUTE
    Lib\src\stm32f10x_rcc.c                  0x00000000   Number         0  stm32f10x_rcc.o ABSOLUTE
    Lib\src\stm32f10x_rtc.c                  0x00000000   Number         0  stm32f10x_rtc.o ABSOLUTE
    Lib\src\stm32f10x_usart.c                0x00000000   Number         0  stm32f10x_usart.o ABSOLUTE
    Startup\startup_stm32f10x_md.s           0x00000000   Number         0  startup_stm32f10x_md.o ABSOLUTE
    User\main.c                              0x00000000   Number         0  main.o ABSOLUTE
    User\stm32f10x_it.c                      0x00000000   Number         0  stm32f10x_it.o ABSOLUTE
    dc.s                                     0x00000000   Number         0  dc.o ABSOLUTE
    RESET                                    0x08000000   Section      236  startup_stm32f10x_md.o(RESET)
    !!!main                                  0x080000ec   Section        8  __main.o(!!!main)
    !!!scatter                               0x080000f4   Section       52  __scatter.o(!!!scatter)
    !!handler_copy                           0x08000128   Section       26  __scatter_copy.o(!!handler_copy)
    !!handler_zi                             0x08000144   Section       28  __scatter_zi.o(!!handler_zi)
    .ARM.Collect$$_printf_percent$$00000000  0x08000160   Section        0  _printf_percent.o(.ARM.Collect$$_printf_percent$$00000000)
    .ARM.Collect$$_printf_percent$$00000001  0x08000160   Section        6  _printf_n.o(.ARM.Collect$$_printf_percent$$00000001)
    .ARM.Collect$$_printf_percent$$00000002  0x08000166   Section        6  _printf_p.o(.ARM.Collect$$_printf_percent$$00000002)
    .ARM.Collect$$_printf_percent$$00000003  0x0800016c   Section        6  _printf_f.o(.ARM.Collect$$_printf_percent$$00000003)
    .ARM.Collect$$_printf_percent$$00000004  0x08000172   Section        6  _printf_e.o(.ARM.Collect$$_printf_percent$$00000004)
    .ARM.Collect$$_printf_percent$$00000005  0x08000178   Section        6  _printf_g.o(.ARM.Collect$$_printf_percent$$00000005)
    .ARM.Collect$$_printf_percent$$00000006  0x0800017e   Section        6  _printf_a.o(.ARM.Collect$$_printf_percent$$00000006)
    .ARM.Collect$$_printf_percent$$00000007  0x08000184   Section       10  _printf_ll.o(.ARM.Collect$$_printf_percent$$00000007)
    .ARM.Collect$$_printf_percent$$00000008  0x0800018e   Section        6  _printf_i.o(.ARM.Collect$$_printf_percent$$00000008)
    .ARM.Collect$$_printf_percent$$00000009  0x08000194   Section        6  _printf_d.o(.ARM.Collect$$_printf_percent$$00000009)
    .ARM.Collect$$_printf_percent$$0000000A  0x0800019a   Section        6  _printf_u.o(.ARM.Collect$$_printf_percent$$0000000A)
    .ARM.Collect$$_printf_percent$$0000000B  0x080001a0   Section        6  _printf_o.o(.ARM.Collect$$_printf_percent$$0000000B)
    .ARM.Collect$$_printf_percent$$0000000C  0x080001a6   Section        6  _printf_x.o(.ARM.Collect$$_printf_percent$$0000000C)
    .ARM.Collect$$_printf_percent$$0000000D  0x080001ac   Section        6  _printf_lli.o(.ARM.Collect$$_printf_percent$$0000000D)
    .ARM.Collect$$_printf_percent$$0000000E  0x080001b2   Section        6  _printf_lld.o(.ARM.Collect$$_printf_percent$$0000000E)
    .ARM.Collect$$_printf_percent$$0000000F  0x080001b8   Section        6  _printf_llu.o(.ARM.Collect$$_printf_percent$$0000000F)
    .ARM.Collect$$_printf_percent$$00000010  0x080001be   Section        6  _printf_llo.o(.ARM.Collect$$_printf_percent$$00000010)
    .ARM.Collect$$_printf_percent$$00000011  0x080001c4   Section        6  _printf_llx.o(.ARM.Collect$$_printf_percent$$00000011)
    .ARM.Collect$$_printf_percent$$00000012  0x080001ca   Section       10  _printf_l.o(.ARM.Collect$$_printf_percent$$00000012)
    .ARM.Collect$$_printf_percent$$00000013  0x080001d4   Section        6  _printf_c.o(.ARM.Collect$$_printf_percent$$00000013)
    .ARM.Collect$$_printf_percent$$00000014  0x080001da   Section        6  _printf_s.o(.ARM.Collect$$_printf_percent$$00000014)
    .ARM.Collect$$_printf_percent$$00000015  0x080001e0   Section        6  _printf_lc.o(.ARM.Collect$$_printf_percent$$00000015)
    .ARM.Collect$$_printf_percent$$00000016  0x080001e6   Section        6  _printf_ls.o(.ARM.Collect$$_printf_percent$$00000016)
    .ARM.Collect$$_printf_percent$$00000017  0x080001ec   Section        4  _printf_percent_end.o(.ARM.Collect$$_printf_percent$$00000017)
    .ARM.Collect$$libinit$$00000000          0x080001f0   Section        2  libinit.o(.ARM.Collect$$libinit$$00000000)
    .ARM.Collect$$libinit$$00000002          0x080001f2   Section        0  libinit2.o(.ARM.Collect$$libinit$$00000002)
    .ARM.Collect$$libinit$$00000008          0x080001f2   Section        0  libinit2.o(.ARM.Collect$$libinit$$00000008)
    .ARM.Collect$$libinit$$0000000A          0x080001f2   Section        0  libinit2.o(.ARM.Collect$$libinit$$0000000A)
    .ARM.Collect$$libinit$$0000000C          0x080001f2   Section        0  libinit2.o(.ARM.Collect$$libinit$$0000000C)
    .ARM.Collect$$libinit$$0000000D          0x080001f2   Section        6  libinit2.o(.ARM.Collect$$libinit$$0000000D)
    .ARM.Collect$$libinit$$0000000F          0x080001f8   Section        0  libinit2.o(.ARM.Collect$$libinit$$0000000F)
    .ARM.Collect$$libinit$$00000010          0x080001f8   Section       12  libinit2.o(.ARM.Collect$$libinit$$00000010)
    .ARM.Collect$$libinit$$00000011          0x08000204   Section        0  libinit2.o(.ARM.Collect$$libinit$$00000011)
    .ARM.Collect$$libinit$$00000013          0x08000204   Section        0  libinit2.o(.ARM.Collect$$libinit$$00000013)
    .ARM.Collect$$libinit$$00000014          0x08000204   Section       10  libinit2.o(.ARM.Collect$$libinit$$00000014)
    .ARM.Collect$$libinit$$00000015          0x0800020e   Section        0  libinit2.o(.ARM.Collect$$libinit$$00000015)
    .ARM.Collect$$libinit$$00000017          0x0800020e   Section        0  libinit2.o(.ARM.Collect$$libinit$$00000017)
    .ARM.Collect$$libinit$$00000019          0x0800020e   Section        0  libinit2.o(.ARM.Collect$$libinit$$00000019)
    .ARM.Collect$$libinit$$0000001B          0x0800020e   Section        0  libinit2.o(.ARM.Collect$$libinit$$0000001B)
    .ARM.Collect$$libinit$$0000001D          0x0800020e   Section        0  libinit2.o(.ARM.Collect$$libinit$$0000001D)
    .ARM.Collect$$libinit$$0000001F          0x0800020e   Section        0  libinit2.o(.ARM.Collect$$libinit$$0000001F)
    .ARM.Collect$$libinit$$00000021          0x0800020e   Section        0  libinit2.o(.ARM.Collect$$libinit$$00000021)
    .ARM.Collect$$libinit$$00000023          0x0800020e   Section        0  libinit2.o(.ARM.Collect$$libinit$$00000023)
    .ARM.Collect$$libinit$$0000002A          0x0800020e   Section        0  libinit2.o(.ARM.Collect$$libinit$$0000002A)
    .ARM.Collect$$libinit$$0000002C          0x0800020e   Section        0  libinit2.o(.ARM.Collect$$libinit$$0000002C)
    .ARM.Collect$$libinit$$0000002E          0x0800020e   Section        0  libinit2.o(.ARM.Collect$$libinit$$0000002E)
    .ARM.Collect$$libinit$$00000030          0x0800020e   Section        0  libinit2.o(.ARM.Collect$$libinit$$00000030)
    .ARM.Collect$$libinit$$00000031          0x0800020e   Section        2  libinit2.o(.ARM.Collect$$libinit$$00000031)
    .ARM.Collect$$libshutdown$$00000000      0x08000210   Section        2  libshutdown.o(.ARM.Collect$$libshutdown$$00000000)
    .ARM.Collect$$libshutdown$$00000003      0x08000212   Section        0  libshutdown2.o(.ARM.Collect$$libshutdown$$00000003)
    .ARM.Collect$$libshutdown$$00000006      0x08000212   Section        0  libshutdown2.o(.ARM.Collect$$libshutdown$$00000006)
    .ARM.Collect$$libshutdown$$00000009      0x08000212   Section        0  libshutdown2.o(.ARM.Collect$$libshutdown$$00000009)
    .ARM.Collect$$libshutdown$$0000000B      0x08000212   Section        0  libshutdown2.o(.ARM.Collect$$libshutdown$$0000000B)
    .ARM.Collect$$libshutdown$$0000000E      0x08000212   Section        0  libshutdown2.o(.ARM.Collect$$libshutdown$$0000000E)
    .ARM.Collect$$libshutdown$$0000000F      0x08000212   Section        2  libshutdown2.o(.ARM.Collect$$libshutdown$$0000000F)
    .ARM.Collect$$rtentry$$00000000          0x08000214   Section        0  rtentry.o(.ARM.Collect$$rtentry$$00000000)
    .ARM.Collect$$rtentry$$00000002          0x08000214   Section        0  rtentry2.o(.ARM.Collect$$rtentry$$00000002)
    .ARM.Collect$$rtentry$$00000004          0x08000214   Section        6  rtentry4.o(.ARM.Collect$$rtentry$$00000004)
    .ARM.Collect$$rtentry$$00000009          0x0800021a   Section        0  rtentry2.o(.ARM.Collect$$rtentry$$00000009)
    .ARM.Collect$$rtentry$$0000000A          0x0800021a   Section        4  rtentry2.o(.ARM.Collect$$rtentry$$0000000A)
    .ARM.Collect$$rtentry$$0000000C          0x0800021e   Section        0  rtentry2.o(.ARM.Collect$$rtentry$$0000000C)
    .ARM.Collect$$rtentry$$0000000D          0x0800021e   Section        8  rtentry2.o(.ARM.Collect$$rtentry$$0000000D)
    .ARM.Collect$$rtexit$$00000000           0x08000226   Section        2  rtexit.o(.ARM.Collect$$rtexit$$00000000)
    .ARM.Collect$$rtexit$$00000002           0x08000228   Section        0  rtexit2.o(.ARM.Collect$$rtexit$$00000002)
    .ARM.Collect$$rtexit$$00000003           0x08000228   Section        4  rtexit2.o(.ARM.Collect$$rtexit$$00000003)
    .ARM.Collect$$rtexit$$00000004           0x0800022c   Section        6  rtexit2.o(.ARM.Collect$$rtexit$$00000004)
    .text                                    0x08000234   Section        0  system_stm32f10x.o(.text)
    SetSysClockTo72                          0x08000235   Thumb Code   192  system_stm32f10x.o(.text)
    SetSysClock                              0x080002f5   Thumb Code     8  system_stm32f10x.o(.text)
    .text                                    0x080003fc   Section        0  misc.o(.text)
    .text                                    0x080004d8   Section        0  stm32f10x_gpio.o(.text)
    .text                                    0x08000830   Section        0  stm32f10x_rcc.o(.text)
    .text                                    0x08000bcc   Section        0  stm32f10x_usart.o(.text)
    .text                                    0x08000fd4   Section        0  stm32f10x_bkp.o(.text)
    .text                                    0x08001080   Section        0  stm32f10x_pwr.o(.text)
    .text                                    0x0800114c   Section        0  stm32f10x_rtc.o(.text)
    .text                                    0x08001290   Section        0  stm32f10x_flash.o(.text)
    .text                                    0x08001844   Section       64  startup_stm32f10x_md.o(.text)
    .text                                    0x08001884   Section        0  main.o(.text)
    .text                                    0x08001cb0   Section        0  stm32f10x_it.o(.text)
    .text                                    0x08001cca   Section        0  delay.o(.text)
    .text                                    0x08001d2a   Section        0  sys.o(.text)
    .text                                    0x08001d9c   Section        0  usart.o(.text)
    .text                                    0x08001f3c   Section        0  rtc.o(.text)
    .text                                    0x08002278   Section        0  led.o(.text)
    .text                                    0x080022a4   Section        0  key.o(.text)
    .text                                    0x080022c8   Section        0  buzzer.o(.text)
    .text                                    0x080023a8   Section        2  use_no_semi_2.o(.text)
    .text                                    0x080023ac   Section        0  c89vsnprintf.o(.text)
    .text                                    0x080023e0   Section        0  __2printf.o(.text)
    .text                                    0x080023f8   Section        0  _printf_str.o(.text)
    .text                                    0x0800244c   Section        0  _printf_dec.o(.text)
    .text                                    0x080024c4   Section        0  _printf_hex_int_ll_ptr.o(.text)
    _printf_hex_common                       0x080024c5   Thumb Code     0  _printf_hex_int_ll_ptr.o(.text)
    .text                                    0x08002560   Section        0  __printf_flags_ss_wp.o(.text)
    .text                                    0x080026ec   Section        0  strlen.o(.text)
    .text                                    0x0800272a   Section        0  heapauxi.o(.text)
    .text                                    0x08002730   Section        2  use_no_semi.o(.text)
    .text                                    0x08002732   Section        0  _printf_pad.o(.text)
    .text                                    0x08002784   Section        0  _printf_truncate.o(.text)
    .text                                    0x080027a8   Section        0  _printf_intcommon.o(.text)
    .text                                    0x08002860   Section        0  _printf_charcount.o(.text)
    .text                                    0x0800288c   Section        0  _printf_char_common.o(.text)
    _printf_input_char                       0x0800288d   Thumb Code    10  _printf_char_common.o(.text)
    .text                                    0x080028bc   Section        0  _sputc.o(.text)
    .text                                    0x080028c6   Section        0  _snputc.o(.text)
    .text                                    0x080028d6   Section        0  _printf_char.o(.text)
    .text                                    0x08002904   Section        0  _printf_char_file.o(.text)
    .text                                    0x08002928   Section        0  _printf_wctomb.o(.text)
    .text                                    0x080029e4   Section        0  _printf_longlong_dec.o(.text)
    .text                                    0x08002a5c   Section        0  _printf_oct_int_ll.o(.text)
    _printf_longlong_oct_internal            0x08002a5d   Thumb Code     0  _printf_oct_int_ll.o(.text)
    .text                                    0x08002ad4   Section      138  lludiv10.o(.text)
    .text                                    0x08002b5e   Section        0  _printf_fp_dec.o(.text)
    _fp_digits                               0x08002b61   Thumb Code   426  _printf_fp_dec.o(.text)
    .text                                    0x08002f7e   Section        0  _printf_wchar.o(.text)
    .text                                    0x08002faa   Section        0  ferror.o(.text)
    .text                                    0x08002fb2   Section        0  _wcrtomb.o(.text)
    .text                                    0x08002ff2   Section       74  sys_stackheap_outer.o(.text)
    .text                                    0x0800303c   Section       16  rt_ctype_table.o(.text)
    .text                                    0x0800304c   Section        8  rt_locale_intlibspace.o(.text)
    .text                                    0x08003054   Section        0  _printf_fp_infnan.o(.text)
    .text                                    0x080030d4   Section        0  bigflt0.o(.text)
    .text                                    0x080031b8   Section        0  exit.o(.text)
    .text                                    0x080031c4   Section        8  libspace.o(.text)
    .text                                    0x080031cc   Section      128  strcmpv7m.o(.text)
    CL$$btod_d2e                             0x0800324c   Section       62  btod.o(CL$$btod_d2e)
    CL$$btod_d2e_denorm_low                  0x0800328a   Section       70  btod.o(CL$$btod_d2e_denorm_low)
    CL$$btod_d2e_norm_op1                    0x080032d0   Section       96  btod.o(CL$$btod_d2e_norm_op1)
    CL$$btod_div_common                      0x08003330   Section      824  btod.o(CL$$btod_div_common)
    CL$$btod_e2e                             0x08003668   Section      198  btod.o(CL$$btod_e2e)
    CL$$btod_ediv                            0x0800372e   Section       40  btod.o(CL$$btod_ediv)
    CL$$btod_emul                            0x08003756   Section       40  btod.o(CL$$btod_emul)
    CL$$btod_mult_common                     0x0800377e   Section      580  btod.o(CL$$btod_mult_common)
    i.__ARM_fpclassify                       0x080039c2   Section        0  fpclassify.o(i.__ARM_fpclassify)
    i._is_digit                              0x080039ea   Section        0  __printf_wp.o(i._is_digit)
    locale$$code                             0x080039f8   Section       44  lc_numeric_c.o(locale$$code)
    locale$$code                             0x08003a24   Section       44  lc_ctype_c.o(locale$$code)
    x$fpl$printf1                            0x08003a50   Section        4  printf1.o(x$fpl$printf1)
    .constdata                               0x08003a54   Section       24  rtc.o(.constdata)
    x$fpl$usenofp                            0x08003a54   Section        0  usenofp.o(x$fpl$usenofp)
    .constdata                               0x08003a6c   Section      156  buzzer.o(.constdata)
    .constdata                               0x08003b08   Section       40  _printf_hex_int_ll_ptr.o(.constdata)
    uc_hextab                                0x08003b08   Data          20  _printf_hex_int_ll_ptr.o(.constdata)
    lc_hextab                                0x08003b1c   Data          20  _printf_hex_int_ll_ptr.o(.constdata)
    .constdata                               0x08003b30   Section       17  __printf_flags_ss_wp.o(.constdata)
    maptable                                 0x08003b30   Data          17  __printf_flags_ss_wp.o(.constdata)
    .constdata                               0x08003b44   Section        8  _printf_wctomb.o(.constdata)
    initial_mbstate                          0x08003b44   Data           8  _printf_wctomb.o(.constdata)
    .constdata                               0x08003b4c   Section      148  bigflt0.o(.constdata)
    tenpwrs_x                                0x08003b4c   Data          60  bigflt0.o(.constdata)
    tenpwrs_i                                0x08003b88   Data          64  bigflt0.o(.constdata)
    locale$$data                             0x08003c00   Section       28  lc_numeric_c.o(locale$$data)
    __lcnum_c_name                           0x08003c04   Data           2  lc_numeric_c.o(locale$$data)
    __lcnum_c_start                          0x08003c0c   Data           0  lc_numeric_c.o(locale$$data)
    __lcnum_c_point                          0x08003c18   Data           0  lc_numeric_c.o(locale$$data)
    __lcnum_c_thousands                      0x08003c1a   Data           0  lc_numeric_c.o(locale$$data)
    __lcnum_c_grouping                       0x08003c1b   Data           0  lc_numeric_c.o(locale$$data)
    locale$$data                             0x08003c1c   Section      272  lc_ctype_c.o(locale$$data)
    __lcnum_c_end                            0x08003c1c   Data           0  lc_numeric_c.o(locale$$data)
    __lcctype_c_name                         0x08003c20   Data           2  lc_ctype_c.o(locale$$data)
    __lcctype_c_start                        0x08003c28   Data           0  lc_ctype_c.o(locale$$data)
    __lcctype_c_end                          0x08003d2c   Data           0  lc_ctype_c.o(locale$$data)
    .data                                    0x20000000   Section       20  system_stm32f10x.o(.data)
    .data                                    0x20000014   Section       20  stm32f10x_rcc.o(.data)
    APBAHBPrescTable                         0x20000014   Data          16  stm32f10x_rcc.o(.data)
    ADCPrescTable                            0x20000024   Data           4  stm32f10x_rcc.o(.data)
    .data                                    0x20000028   Section        8  usart.o(.data)
    .data                                    0x20000030   Section       10  rtc.o(.data)
    daycnt                                   0x20000030   Data           2  rtc.o(.data)
    .bss                                     0x2000003c   Section      200  usart.o(.bss)
    .bss                                     0x20000104   Section       96  libspace.o(.bss)
    HEAP                                     0x20000168   Section      512  startup_stm32f10x_md.o(HEAP)
    Heap_Mem                                 0x20000168   Data         512  startup_stm32f10x_md.o(HEAP)
    STACK                                    0x20000368   Section     1024  startup_stm32f10x_md.o(STACK)
    Stack_Mem                                0x20000368   Data        1024  startup_stm32f10x_md.o(STACK)
    __initial_sp                             0x20000768   Data           0  startup_stm32f10x_md.o(STACK)

    Global Symbols

    Symbol Name                              Value     Ov Type        Size  Object(Section)

    BuildAttributes$$THM_ISAv4$P$D$K$B$S$PE$A:L22UL41UL21$X:L11$S22US41US21$IEEE1$IW$USESV6$~STKCKD$USESV7$~SHL$OTIME$ROPI$IEEEJ$EBA8$UX$STANDARDLIB$REQ8$PRES8$EABIv2 0x00000000   Number         0  anon$$obj.o ABSOLUTE
    __ARM_use_no_argv                        0x00000000   Number         0  main.o ABSOLUTE
    _printf_flags                            0x00000000   Number         0  printf_stubs.o ABSOLUTE
    _printf_return_value                     0x00000000   Number         0  printf_stubs.o ABSOLUTE
    _printf_sizespec                         0x00000000   Number         0  printf_stubs.o ABSOLUTE
    _printf_widthprec                        0x00000000   Number         0  printf_stubs.o ABSOLUTE
    __ARM_exceptions_init                     - Undefined Weak Reference
    __alloca_initialize                       - Undefined Weak Reference
    __cpp_initialize__aeabi_                  - Undefined Weak Reference
    __cxa_finalize                            - Undefined Weak Reference
    __sigvec_lookup                           - Undefined Weak Reference
    _atexit_init                              - Undefined Weak Reference
    _call_atexit_fns                          - Undefined Weak Reference
    _clock_init                               - Undefined Weak Reference
    _fp_trap_init                             - Undefined Weak Reference
    _fp_trap_shutdown                         - Undefined Weak Reference
    _get_lc_collate                           - Undefined Weak Reference
    _get_lc_monetary                          - Undefined Weak Reference
    _get_lc_time                              - Undefined Weak Reference
    _getenv_init                              - Undefined Weak Reference
    _handle_redirection                       - Undefined Weak Reference
    _init_alloc                               - Undefined Weak Reference
    _init_user_alloc                          - Undefined Weak Reference
    _initio                                   - Undefined Weak Reference
    _mutex_acquire                            - Undefined Weak Reference
    _mutex_release                            - Undefined Weak Reference
    _printf_fp_hex                            - Undefined Weak Reference
    _printf_mbtowc                            - Undefined Weak Reference
    _printf_wc                                - Undefined Weak Reference
    _rand_init                                - Undefined Weak Reference
    _signal_finish                            - Undefined Weak Reference
    _signal_init                              - Undefined Weak Reference
    _terminate_alloc                          - Undefined Weak Reference
    _terminate_user_alloc                     - Undefined Weak Reference
    _terminateio                              - Undefined Weak Reference
    __Vectors_Size                           0x000000ec   Number         0  startup_stm32f10x_md.o ABSOLUTE
    __Vectors                                0x08000000   Data           4  startup_stm32f10x_md.o(RESET)
    __Vectors_End                            0x080000ec   Data           0  startup_stm32f10x_md.o(RESET)
    __main                                   0x080000ed   Thumb Code     8  __main.o(!!!main)
    __scatterload                            0x080000f5   Thumb Code     0  __scatter.o(!!!scatter)
    __scatterload_rt2                        0x080000f5   Thumb Code    44  __scatter.o(!!!scatter)
    __scatterload_rt2_thumb_only             0x080000f5   Thumb Code     0  __scatter.o(!!!scatter)
    __scatterload_null                       0x08000103   Thumb Code     0  __scatter.o(!!!scatter)
    __scatterload_copy                       0x08000129   Thumb Code    26  __scatter_copy.o(!!handler_copy)
    __scatterload_zeroinit                   0x08000145   Thumb Code    28  __scatter_zi.o(!!handler_zi)
    _printf_n                                0x08000161   Thumb Code     0  _printf_n.o(.ARM.Collect$$_printf_percent$$00000001)
    _printf_percent                          0x08000161   Thumb Code     0  _printf_percent.o(.ARM.Collect$$_printf_percent$$00000000)
    _printf_p                                0x08000167   Thumb Code     0  _printf_p.o(.ARM.Collect$$_printf_percent$$00000002)
    _printf_f                                0x0800016d   Thumb Code     0  _printf_f.o(.ARM.Collect$$_printf_percent$$00000003)
    _printf_e                                0x08000173   Thumb Code     0  _printf_e.o(.ARM.Collect$$_printf_percent$$00000004)
    _printf_g                                0x08000179   Thumb Code     0  _printf_g.o(.ARM.Collect$$_printf_percent$$00000005)
    _printf_a                                0x0800017f   Thumb Code     0  _printf_a.o(.ARM.Collect$$_printf_percent$$00000006)
    _printf_ll                               0x08000185   Thumb Code     0  _printf_ll.o(.ARM.Collect$$_printf_percent$$00000007)
    _printf_i                                0x0800018f   Thumb Code     0  _printf_i.o(.ARM.Collect$$_printf_percent$$00000008)
    _printf_d                                0x08000195   Thumb Code     0  _printf_d.o(.ARM.Collect$$_printf_percent$$00000009)
    _printf_u                                0x0800019b   Thumb Code     0  _printf_u.o(.ARM.Collect$$_printf_percent$$0000000A)
    _printf_o                                0x080001a1   Thumb Code     0  _printf_o.o(.ARM.Collect$$_printf_percent$$0000000B)
    _printf_x                                0x080001a7   Thumb Code     0  _printf_x.o(.ARM.Collect$$_printf_percent$$0000000C)
    _printf_lli                              0x080001ad   Thumb Code     0  _printf_lli.o(.ARM.Collect$$_printf_percent$$0000000D)
    _printf_lld                              0x080001b3   Thumb Code     0  _printf_lld.o(.ARM.Collect$$_printf_percent$$0000000E)
    _printf_llu                              0x080001b9   Thumb Code     0  _printf_llu.o(.ARM.Collect$$_printf_percent$$0000000F)
    _printf_llo                              0x080001bf   Thumb Code     0  _printf_llo.o(.ARM.Collect$$_printf_percent$$00000010)
    _printf_llx                              0x080001c5   Thumb Code     0  _printf_llx.o(.ARM.Collect$$_printf_percent$$00000011)
    _printf_l                                0x080001cb   Thumb Code     0  _printf_l.o(.ARM.Collect$$_printf_percent$$00000012)
    _printf_c                                0x080001d5   Thumb Code     0  _printf_c.o(.ARM.Collect$$_printf_percent$$00000013)
    _printf_s                                0x080001db   Thumb Code     0  _printf_s.o(.ARM.Collect$$_printf_percent$$00000014)
    _printf_lc                               0x080001e1   Thumb Code     0  _printf_lc.o(.ARM.Collect$$_printf_percent$$00000015)
    _printf_ls                               0x080001e7   Thumb Code     0  _printf_ls.o(.ARM.Collect$$_printf_percent$$00000016)
    _printf_percent_end                      0x080001ed   Thumb Code     0  _printf_percent_end.o(.ARM.Collect$$_printf_percent$$00000017)
    __rt_lib_init                            0x080001f1   Thumb Code     0  libinit.o(.ARM.Collect$$libinit$$00000000)
    __rt_lib_init_fp_1                       0x080001f3   Thumb Code     0  libinit2.o(.ARM.Collect$$libinit$$00000002)
    __rt_lib_init_heap_1                     0x080001f3   Thumb Code     0  libinit2.o(.ARM.Collect$$libinit$$00000008)
    __rt_lib_init_lc_common                  0x080001f3   Thumb Code     0  libinit2.o(.ARM.Collect$$libinit$$0000000D)
    __rt_lib_init_rand_1                     0x080001f3   Thumb Code     0  libinit2.o(.ARM.Collect$$libinit$$0000000C)
    __rt_lib_init_user_alloc_1               0x080001f3   Thumb Code     0  libinit2.o(.ARM.Collect$$libinit$$0000000A)
    __rt_lib_init_lc_collate_1               0x080001f9   Thumb Code     0  libinit2.o(.ARM.Collect$$libinit$$0000000F)
    __rt_lib_init_lc_ctype_2                 0x080001f9   Thumb Code     0  libinit2.o(.ARM.Collect$$libinit$$00000010)
    __rt_lib_init_lc_ctype_1                 0x08000205   Thumb Code     0  libinit2.o(.ARM.Collect$$libinit$$00000011)
    __rt_lib_init_lc_monetary_1              0x08000205   Thumb Code     0  libinit2.o(.ARM.Collect$$libinit$$00000013)
    __rt_lib_init_lc_numeric_2               0x08000205   Thumb Code     0  libinit2.o(.ARM.Collect$$libinit$$00000014)
    __rt_lib_init_alloca_1                   0x0800020f   Thumb Code     0  libinit2.o(.ARM.Collect$$libinit$$0000002C)
    __rt_lib_init_argv_1                     0x0800020f   Thumb Code     0  libinit2.o(.ARM.Collect$$libinit$$0000002A)
    __rt_lib_init_atexit_1                   0x0800020f   Thumb Code     0  libinit2.o(.ARM.Collect$$libinit$$00000019)
    __rt_lib_init_clock_1                    0x0800020f   Thumb Code     0  libinit2.o(.ARM.Collect$$libinit$$0000001F)
    __rt_lib_init_cpp_1                      0x0800020f   Thumb Code     0  libinit2.o(.ARM.Collect$$libinit$$00000030)
    __rt_lib_init_exceptions_1               0x0800020f   Thumb Code     0  libinit2.o(.ARM.Collect$$libinit$$0000002E)
    __rt_lib_init_fp_trap_1                  0x0800020f   Thumb Code     0  libinit2.o(.ARM.Collect$$libinit$$0000001D)
    __rt_lib_init_getenv_1                   0x0800020f   Thumb Code     0  libinit2.o(.ARM.Collect$$libinit$$00000021)
    __rt_lib_init_lc_numeric_1               0x0800020f   Thumb Code     0  libinit2.o(.ARM.Collect$$libinit$$00000015)
    __rt_lib_init_lc_time_1                  0x0800020f   Thumb Code     0  libinit2.o(.ARM.Collect$$libinit$$00000017)
    __rt_lib_init_return                     0x0800020f   Thumb Code     0  libinit2.o(.ARM.Collect$$libinit$$00000031)
    __rt_lib_init_signal_1                   0x0800020f   Thumb Code     0  libinit2.o(.ARM.Collect$$libinit$$0000001B)
    __rt_lib_init_stdio_1                    0x0800020f   Thumb Code     0  libinit2.o(.ARM.Collect$$libinit$$00000023)
    __rt_lib_shutdown                        0x08000211   Thumb Code     0  libshutdown.o(.ARM.Collect$$libshutdown$$00000000)
    __rt_lib_shutdown_fp_trap_1              0x08000213   Thumb Code     0  libshutdown2.o(.ARM.Collect$$libshutdown$$00000006)
    __rt_lib_shutdown_heap_1                 0x08000213   Thumb Code     0  libshutdown2.o(.ARM.Collect$$libshutdown$$0000000E)
    __rt_lib_shutdown_return                 0x08000213   Thumb Code     0  libshutdown2.o(.ARM.Collect$$libshutdown$$0000000F)
    __rt_lib_shutdown_signal_1               0x08000213   Thumb Code     0  libshutdown2.o(.ARM.Collect$$libshutdown$$00000009)
    __rt_lib_shutdown_stdio_1                0x08000213   Thumb Code     0  libshutdown2.o(.ARM.Collect$$libshutdown$$00000003)
    __rt_lib_shutdown_user_alloc_1           0x08000213   Thumb Code     0  libshutdown2.o(.ARM.Collect$$libshutdown$$0000000B)
    __rt_entry                               0x08000215   Thumb Code     0  rtentry.o(.ARM.Collect$$rtentry$$00000000)
    __rt_entry_presh_1                       0x08000215   Thumb Code     0  rtentry2.o(.ARM.Collect$$rtentry$$00000002)
    __rt_entry_sh                            0x08000215   Thumb Code     0  rtentry4.o(.ARM.Collect$$rtentry$$00000004)
    __rt_entry_li                            0x0800021b   Thumb Code     0  rtentry2.o(.ARM.Collect$$rtentry$$0000000A)
    __rt_entry_postsh_1                      0x0800021b   Thumb Code     0  rtentry2.o(.ARM.Collect$$rtentry$$00000009)
    __rt_entry_main                          0x0800021f   Thumb Code     0  rtentry2.o(.ARM.Collect$$rtentry$$0000000D)
    __rt_entry_postli_1                      0x0800021f   Thumb Code     0  rtentry2.o(.ARM.Collect$$rtentry$$0000000C)
    __rt_exit                                0x08000227   Thumb Code     0  rtexit.o(.ARM.Collect$$rtexit$$00000000)
    __rt_exit_ls                             0x08000229   Thumb Code     0  rtexit2.o(.ARM.Collect$$rtexit$$00000003)
    __rt_exit_prels_1                        0x08000229   Thumb Code     0  rtexit2.o(.ARM.Collect$$rtexit$$00000002)
    __rt_exit_exit                           0x0800022d   Thumb Code     0  rtexit2.o(.ARM.Collect$$rtexit$$00000004)
    SystemInit                               0x080002fd   Thumb Code    78  system_stm32f10x.o(.text)
    SystemCoreClockUpdate                    0x0800034b   Thumb Code   142  system_stm32f10x.o(.text)
    NVIC_PriorityGroupConfig                 0x080003fd   Thumb Code    10  misc.o(.text)
    NVIC_Init                                0x08000407   Thumb Code   102  misc.o(.text)
    NVIC_SetVectorTable                      0x0800046d   Thumb Code    14  misc.o(.text)
    NVIC_SystemLPConfig                      0x0800047b   Thumb Code    34  misc.o(.text)
    SysTick_CLKSourceConfig                  0x0800049d   Thumb Code    40  misc.o(.text)
    GPIO_DeInit                              0x080004d9   Thumb Code   172  stm32f10x_gpio.o(.text)
    GPIO_AFIODeInit                          0x08000585   Thumb Code    20  stm32f10x_gpio.o(.text)
    GPIO_Init                                0x08000599   Thumb Code   274  stm32f10x_gpio.o(.text)
    GPIO_StructInit                          0x080006ab   Thumb Code    16  stm32f10x_gpio.o(.text)
    GPIO_ReadInputDataBit                    0x080006bb   Thumb Code    18  stm32f10x_gpio.o(.text)
    GPIO_ReadInputData                       0x080006cd   Thumb Code     8  stm32f10x_gpio.o(.text)
    GPIO_ReadOutputDataBit                   0x080006d5   Thumb Code    18  stm32f10x_gpio.o(.text)
    GPIO_ReadOutputData                      0x080006e7   Thumb Code     8  stm32f10x_gpio.o(.text)
    GPIO_SetBits                             0x080006ef   Thumb Code     4  stm32f10x_gpio.o(.text)
    GPIO_ResetBits                           0x080006f3   Thumb Code     4  stm32f10x_gpio.o(.text)
    GPIO_WriteBit                            0x080006f7   Thumb Code    10  stm32f10x_gpio.o(.text)
    GPIO_Write                               0x08000701   Thumb Code     4  stm32f10x_gpio.o(.text)
    GPIO_PinLockConfig                       0x08000705   Thumb Code    18  stm32f10x_gpio.o(.text)
    GPIO_EventOutputConfig                   0x08000717   Thumb Code    26  stm32f10x_gpio.o(.text)
    GPIO_EventOutputCmd                      0x08000731   Thumb Code     6  stm32f10x_gpio.o(.text)
    GPIO_PinRemapConfig                      0x08000737   Thumb Code   138  stm32f10x_gpio.o(.text)
    GPIO_EXTILineConfig                      0x080007c1   Thumb Code    66  stm32f10x_gpio.o(.text)
    GPIO_ETH_MediaInterfaceConfig            0x08000803   Thumb Code     6  stm32f10x_gpio.o(.text)
    RCC_DeInit                               0x08000831   Thumb Code    64  stm32f10x_rcc.o(.text)
    RCC_HSEConfig                            0x08000871   Thumb Code    70  stm32f10x_rcc.o(.text)
    RCC_GetFlagStatus                        0x080008b7   Thumb Code    56  stm32f10x_rcc.o(.text)
    RCC_WaitForHSEStartUp                    0x080008ef   Thumb Code    48  stm32f10x_rcc.o(.text)
    RCC_AdjustHSICalibrationValue            0x0800091f   Thumb Code    20  stm32f10x_rcc.o(.text)
    RCC_HSICmd                               0x08000933   Thumb Code     6  stm32f10x_rcc.o(.text)
    RCC_PLLConfig                            0x08000939   Thumb Code    24  stm32f10x_rcc.o(.text)
    RCC_PLLCmd                               0x08000951   Thumb Code     6  stm32f10x_rcc.o(.text)
    RCC_SYSCLKConfig                         0x08000957   Thumb Code    18  stm32f10x_rcc.o(.text)
    RCC_GetSYSCLKSource                      0x08000969   Thumb Code    10  stm32f10x_rcc.o(.text)
    RCC_HCLKConfig                           0x08000973   Thumb Code    18  stm32f10x_rcc.o(.text)
    RCC_PCLK1Config                          0x08000985   Thumb Code    18  stm32f10x_rcc.o(.text)
    RCC_PCLK2Config                          0x08000997   Thumb Code    20  stm32f10x_rcc.o(.text)
    RCC_ITConfig                             0x080009ab   Thumb Code    26  stm32f10x_rcc.o(.text)
    RCC_USBCLKConfig                         0x080009c5   Thumb Code     6  stm32f10x_rcc.o(.text)
    RCC_ADCCLKConfig                         0x080009cb   Thumb Code    18  stm32f10x_rcc.o(.text)
    RCC_LSEConfig                            0x080009dd   Thumb Code    44  stm32f10x_rcc.o(.text)
    RCC_LSICmd                               0x08000a09   Thumb Code     6  stm32f10x_rcc.o(.text)
    RCC_RTCCLKConfig                         0x08000a0f   Thumb Code    12  stm32f10x_rcc.o(.text)
    RCC_RTCCLKCmd                            0x08000a1b   Thumb Code     8  stm32f10x_rcc.o(.text)
    RCC_GetClocksFreq                        0x08000a23   Thumb Code   192  stm32f10x_rcc.o(.text)
    RCC_AHBPeriphClockCmd                    0x08000ae3   Thumb Code    26  stm32f10x_rcc.o(.text)
    RCC_APB2PeriphClockCmd                   0x08000afd   Thumb Code    26  stm32f10x_rcc.o(.text)
    RCC_APB1PeriphClockCmd                   0x08000b17   Thumb Code    26  stm32f10x_rcc.o(.text)
    RCC_APB2PeriphResetCmd                   0x08000b31   Thumb Code    26  stm32f10x_rcc.o(.text)
    RCC_APB1PeriphResetCmd                   0x08000b4b   Thumb Code    26  stm32f10x_rcc.o(.text)
    RCC_BackupResetCmd                       0x08000b65   Thumb Code     8  stm32f10x_rcc.o(.text)
    RCC_ClockSecuritySystemCmd               0x08000b6d   Thumb Code     6  stm32f10x_rcc.o(.text)
    RCC_MCOConfig                            0x08000b73   Thumb Code     6  stm32f10x_rcc.o(.text)
    RCC_ClearFlag                            0x08000b79   Thumb Code    14  stm32f10x_rcc.o(.text)
    RCC_GetITStatus                          0x08000b87   Thumb Code    20  stm32f10x_rcc.o(.text)
    RCC_ClearITPendingBit                    0x08000b9b   Thumb Code     6  stm32f10x_rcc.o(.text)
    USART_DeInit                             0x08000bcd   Thumb Code   134  stm32f10x_usart.o(.text)
    USART_Init                               0x08000c53   Thumb Code   210  stm32f10x_usart.o(.text)
    USART_StructInit                         0x08000d25   Thumb Code    24  stm32f10x_usart.o(.text)
    USART_ClockInit                          0x08000d3d   Thumb Code    34  stm32f10x_usart.o(.text)
    USART_ClockStructInit                    0x08000d5f   Thumb Code    12  stm32f10x_usart.o(.text)
    USART_Cmd                                0x08000d6b   Thumb Code    24  stm32f10x_usart.o(.text)
    USART_ITConfig                           0x08000d83   Thumb Code    74  stm32f10x_usart.o(.text)
    USART_DMACmd                             0x08000dcd   Thumb Code    18  stm32f10x_usart.o(.text)
    USART_SetAddress                         0x08000ddf   Thumb Code    18  stm32f10x_usart.o(.text)
    USART_WakeUpConfig                       0x08000df1   Thumb Code    18  stm32f10x_usart.o(.text)
    USART_ReceiverWakeUpCmd                  0x08000e03   Thumb Code    24  stm32f10x_usart.o(.text)
    USART_LINBreakDetectLengthConfig         0x08000e1b   Thumb Code    18  stm32f10x_usart.o(.text)
    USART_LINCmd                             0x08000e2d   Thumb Code    24  stm32f10x_usart.o(.text)
    USART_SendData                           0x08000e45   Thumb Code     8  stm32f10x_usart.o(.text)
    USART_ReceiveData                        0x08000e4d   Thumb Code    10  stm32f10x_usart.o(.text)
    USART_SendBreak                          0x08000e57   Thumb Code    10  stm32f10x_usart.o(.text)
    USART_SetGuardTime                       0x08000e61   Thumb Code    16  stm32f10x_usart.o(.text)
    USART_SetPrescaler                       0x08000e71   Thumb Code    16  stm32f10x_usart.o(.text)
    USART_SmartCardCmd                       0x08000e81   Thumb Code    24  stm32f10x_usart.o(.text)
    USART_SmartCardNACKCmd                   0x08000e99   Thumb Code    24  stm32f10x_usart.o(.text)
    USART_HalfDuplexCmd                      0x08000eb1   Thumb Code    24  stm32f10x_usart.o(.text)
    USART_OverSampling8Cmd                   0x08000ec9   Thumb Code    22  stm32f10x_usart.o(.text)
    USART_OneBitMethodCmd                    0x08000edf   Thumb Code    24  stm32f10x_usart.o(.text)
    USART_IrDAConfig                         0x08000ef7   Thumb Code    18  stm32f10x_usart.o(.text)
    USART_IrDACmd                            0x08000f09   Thumb Code    24  stm32f10x_usart.o(.text)
    USART_GetFlagStatus                      0x08000f21   Thumb Code    26  stm32f10x_usart.o(.text)
    USART_ClearFlag                          0x08000f3b   Thumb Code    18  stm32f10x_usart.o(.text)
    USART_GetITStatus                        0x08000f4d   Thumb Code    84  stm32f10x_usart.o(.text)
    USART_ClearITPendingBit                  0x08000fa1   Thumb Code    52  stm32f10x_usart.o(.text)
    BKP_DeInit                               0x08000fd5   Thumb Code    16  stm32f10x_bkp.o(.text)
    BKP_TamperPinLevelConfig                 0x08000fe5   Thumb Code     6  stm32f10x_bkp.o(.text)
    BKP_TamperPinCmd                         0x08000feb   Thumb Code     8  stm32f10x_bkp.o(.text)
    BKP_ITConfig                             0x08000ff3   Thumb Code     8  stm32f10x_bkp.o(.text)
    BKP_RTCOutputConfig                      0x08000ffb   Thumb Code    22  stm32f10x_bkp.o(.text)
    BKP_SetRTCCalibrationValue               0x08001011   Thumb Code    22  stm32f10x_bkp.o(.text)
    BKP_WriteBackupRegister                  0x08001027   Thumb Code    12  stm32f10x_bkp.o(.text)
    BKP_ReadBackupRegister                   0x08001033   Thumb Code    14  stm32f10x_bkp.o(.text)
    BKP_GetFlagStatus                        0x08001041   Thumb Code    10  stm32f10x_bkp.o(.text)
    BKP_ClearFlag                            0x0800104b   Thumb Code    18  stm32f10x_bkp.o(.text)
    BKP_GetITStatus                          0x0800105d   Thumb Code    10  stm32f10x_bkp.o(.text)
    BKP_ClearITPendingBit                    0x08001067   Thumb Code    18  stm32f10x_bkp.o(.text)
    PWR_DeInit                               0x08001081   Thumb Code    22  stm32f10x_pwr.o(.text)
    PWR_BackupAccessCmd                      0x08001097   Thumb Code     6  stm32f10x_pwr.o(.text)
    PWR_PVDCmd                               0x0800109d   Thumb Code     6  stm32f10x_pwr.o(.text)
    PWR_PVDLevelConfig                       0x080010a3   Thumb Code    18  stm32f10x_pwr.o(.text)
    PWR_WakeUpPinCmd                         0x080010b5   Thumb Code     6  stm32f10x_pwr.o(.text)
    PWR_EnterSTOPMode                        0x080010bb   Thumb Code    54  stm32f10x_pwr.o(.text)
    PWR_EnterSTANDBYMode                     0x080010f1   Thumb Code    42  stm32f10x_pwr.o(.text)
    PWR_GetFlagStatus                        0x0800111b   Thumb Code    20  stm32f10x_pwr.o(.text)
    PWR_ClearFlag                            0x0800112f   Thumb Code    14  stm32f10x_pwr.o(.text)
    RTC_ITConfig                             0x0800114d   Thumb Code    26  stm32f10x_rtc.o(.text)
    RTC_EnterConfigMode                      0x08001167   Thumb Code    18  stm32f10x_rtc.o(.text)
    RTC_ExitConfigMode                       0x08001179   Thumb Code    20  stm32f10x_rtc.o(.text)
    RTC_GetCounter                           0x0800118d   Thumb Code    18  stm32f10x_rtc.o(.text)
    RTC_SetCounter                           0x0800119f   Thumb Code    26  stm32f10x_rtc.o(.text)
    RTC_SetPrescaler                         0x080011b9   Thumb Code    28  stm32f10x_rtc.o(.text)
    RTC_SetAlarm                             0x080011d5   Thumb Code    26  stm32f10x_rtc.o(.text)
    RTC_GetDivider                           0x080011ef   Thumb Code    22  stm32f10x_rtc.o(.text)
    RTC_WaitForLastTask                      0x08001205   Thumb Code    16  stm32f10x_rtc.o(.text)
    RTC_WaitForSynchro                       0x08001215   Thumb Code    34  stm32f10x_rtc.o(.text)
    RTC_GetFlagStatus                        0x08001237   Thumb Code    22  stm32f10x_rtc.o(.text)
    RTC_ClearFlag                            0x0800124d   Thumb Code    16  stm32f10x_rtc.o(.text)
    RTC_GetITStatus                          0x0800125d   Thumb Code    32  stm32f10x_rtc.o(.text)
    RTC_ClearITPendingBit                    0x0800127d   Thumb Code    16  stm32f10x_rtc.o(.text)
    FLASH_SetLatency                         0x08001291   Thumb Code    18  stm32f10x_flash.o(.text)
    FLASH_HalfCycleAccessCmd                 0x080012a3   Thumb Code    22  stm32f10x_flash.o(.text)
    FLASH_PrefetchBufferCmd                  0x080012b9   Thumb Code    22  stm32f10x_flash.o(.text)
    FLASH_Unlock                             0x080012cf   Thumb Code    12  stm32f10x_flash.o(.text)
    FLASH_UnlockBank1                        0x080012db   Thumb Code    12  stm32f10x_flash.o(.text)
    FLASH_Lock                               0x080012e7   Thumb Code    14  stm32f10x_flash.o(.text)
    FLASH_LockBank1                          0x080012f5   Thumb Code    14  stm32f10x_flash.o(.text)
    FLASH_GetBank1Status                     0x08001303   Thumb Code    48  stm32f10x_flash.o(.text)
    FLASH_WaitForLastOperation               0x08001333   Thumb Code    38  stm32f10x_flash.o(.text)
    FLASH_ErasePage                          0x08001359   Thumb Code    72  stm32f10x_flash.o(.text)
    FLASH_EraseAllPages                      0x080013a1   Thumb Code    68  stm32f10x_flash.o(.text)
    FLASH_WaitForLastBank1Operation          0x080013e5   Thumb Code    38  stm32f10x_flash.o(.text)
    FLASH_EraseAllBank1Pages                 0x0800140b   Thumb Code    68  stm32f10x_flash.o(.text)
    FLASH_GetReadOutProtectionStatus         0x0800144f   Thumb Code    20  stm32f10x_flash.o(.text)
    FLASH_EraseOptionBytes                   0x08001463   Thumb Code   150  stm32f10x_flash.o(.text)
    FLASH_ProgramWord                        0x080014f9   Thumb Code    96  stm32f10x_flash.o(.text)
    FLASH_ProgramHalfWord                    0x08001559   Thumb Code    60  stm32f10x_flash.o(.text)
    FLASH_ProgramOptionByteData              0x08001595   Thumb Code    72  stm32f10x_flash.o(.text)
    FLASH_EnableWriteProtection              0x080015dd   Thumb Code   200  stm32f10x_flash.o(.text)
    FLASH_ReadOutProtection                  0x080016a5   Thumb Code   156  stm32f10x_flash.o(.text)
    FLASH_UserOptionByteConfig               0x08001741   Thumb Code    88  stm32f10x_flash.o(.text)
    FLASH_GetUserOptionByte                  0x08001799   Thumb Code     8  stm32f10x_flash.o(.text)
    FLASH_GetWriteProtectionOptionByte       0x080017a1   Thumb Code     6  stm32f10x_flash.o(.text)
    FLASH_GetPrefetchBufferStatus            0x080017a7   Thumb Code    20  stm32f10x_flash.o(.text)
    FLASH_ITConfig                           0x080017bb   Thumb Code    26  stm32f10x_flash.o(.text)
    FLASH_GetFlagStatus                      0x080017d5   Thumb Code    42  stm32f10x_flash.o(.text)
    FLASH_ClearFlag                          0x080017ff   Thumb Code     6  stm32f10x_flash.o(.text)
    FLASH_GetStatus                          0x08001805   Thumb Code    48  stm32f10x_flash.o(.text)
    Reset_Handler                            0x08001845   Thumb Code     8  startup_stm32f10x_md.o(.text)
    ADC1_2_IRQHandler                        0x0800185f   Thumb Code     0  startup_stm32f10x_md.o(.text)
    CAN1_RX1_IRQHandler                      0x0800185f   Thumb Code     0  startup_stm32f10x_md.o(.text)
    CAN1_SCE_IRQHandler                      0x0800185f   Thumb Code     0  startup_stm32f10x_md.o(.text)
    DMA1_Channel1_IRQHandler                 0x0800185f   Thumb Code     0  startup_stm32f10x_md.o(.text)
    DMA1_Channel2_IRQHandler                 0x0800185f   Thumb Code     0  startup_stm32f10x_md.o(.text)
    DMA1_Channel3_IRQHandler                 0x0800185f   Thumb Code     0  startup_stm32f10x_md.o(.text)
    DMA1_Channel4_IRQHandler                 0x0800185f   Thumb Code     0  startup_stm32f10x_md.o(.text)
    DMA1_Channel5_IRQHandler                 0x0800185f   Thumb Code     0  startup_stm32f10x_md.o(.text)
    DMA1_Channel6_IRQHandler                 0x0800185f   Thumb Code     0  startup_stm32f10x_md.o(.text)
    DMA1_Channel7_IRQHandler                 0x0800185f   Thumb Code     0  startup_stm32f10x_md.o(.text)
    EXTI0_IRQHandler                         0x0800185f   Thumb Code     0  startup_stm32f10x_md.o(.text)
    EXTI15_10_IRQHandler                     0x0800185f   Thumb Code     0  startup_stm32f10x_md.o(.text)
    EXTI1_IRQHandler                         0x0800185f   Thumb Code     0  startup_stm32f10x_md.o(.text)
    EXTI2_IRQHandler                         0x0800185f   Thumb Code     0  startup_stm32f10x_md.o(.text)
    EXTI3_IRQHandler                         0x0800185f   Thumb Code     0  startup_stm32f10x_md.o(.text)
    EXTI4_IRQHandler                         0x0800185f   Thumb Code     0  startup_stm32f10x_md.o(.text)
    EXTI9_5_IRQHandler                       0x0800185f   Thumb Code     0  startup_stm32f10x_md.o(.text)
    FLASH_IRQHandler                         0x0800185f   Thumb Code     0  startup_stm32f10x_md.o(.text)
    I2C1_ER_IRQHandler                       0x0800185f   Thumb Code     0  startup_stm32f10x_md.o(.text)
    I2C1_EV_IRQHandler                       0x0800185f   Thumb Code     0  startup_stm32f10x_md.o(.text)
    I2C2_ER_IRQHandler                       0x0800185f   Thumb Code     0  startup_stm32f10x_md.o(.text)
    I2C2_EV_IRQHandler                       0x0800185f   Thumb Code     0  startup_stm32f10x_md.o(.text)
    PVD_IRQHandler                           0x0800185f   Thumb Code     0  startup_stm32f10x_md.o(.text)
    RCC_IRQHandler                           0x0800185f   Thumb Code     0  startup_stm32f10x_md.o(.text)
    SPI1_IRQHandler                          0x0800185f   Thumb Code     0  startup_stm32f10x_md.o(.text)
    SPI2_IRQHandler                          0x0800185f   Thumb Code     0  startup_stm32f10x_md.o(.text)
    TAMPER_IRQHandler                        0x0800185f   Thumb Code     0  startup_stm32f10x_md.o(.text)
    TIM1_BRK_IRQHandler                      0x0800185f   Thumb Code     0  startup_stm32f10x_md.o(.text)
    TIM1_CC_IRQHandler                       0x0800185f   Thumb Code     0  startup_stm32f10x_md.o(.text)
    TIM1_TRG_COM_IRQHandler                  0x0800185f   Thumb Code     0  startup_stm32f10x_md.o(.text)
    TIM1_UP_IRQHandler                       0x0800185f   Thumb Code     0  startup_stm32f10x_md.o(.text)
    TIM2_IRQHandler                          0x0800185f   Thumb Code     0  startup_stm32f10x_md.o(.text)
    TIM3_IRQHandler                          0x0800185f   Thumb Code     0  startup_stm32f10x_md.o(.text)
    TIM4_IRQHandler                          0x0800185f   Thumb Code     0  startup_stm32f10x_md.o(.text)
    USART2_IRQHandler                        0x0800185f   Thumb Code     0  startup_stm32f10x_md.o(.text)
    USART3_IRQHandler                        0x0800185f   Thumb Code     0  startup_stm32f10x_md.o(.text)
    USBWakeUp_IRQHandler                     0x0800185f   Thumb Code     0  startup_stm32f10x_md.o(.text)
    USB_HP_CAN1_TX_IRQHandler                0x0800185f   Thumb Code     0  startup_stm32f10x_md.o(.text)
    USB_LP_CAN1_RX0_IRQHandler               0x0800185f   Thumb Code     0  startup_stm32f10x_md.o(.text)
    WWDG_IRQHandler                          0x0800185f   Thumb Code     0  startup_stm32f10x_md.o(.text)
    __user_initial_stackheap                 0x08001861   Thumb Code     0  startup_stm32f10x_md.o(.text)
    main                                     0x08001885   Thumb Code   594  main.o(.text)
    NMI_Handler                              0x08001cb1   Thumb Code     2  stm32f10x_it.o(.text)
    HardFault_Handler                        0x08001cb3   Thumb Code     4  stm32f10x_it.o(.text)
    MemManage_Handler                        0x08001cb7   Thumb Code     4  stm32f10x_it.o(.text)
    BusFault_Handler                         0x08001cbb   Thumb Code     4  stm32f10x_it.o(.text)
    UsageFault_Handler                       0x08001cbf   Thumb Code     4  stm32f10x_it.o(.text)
    SVC_Handler                              0x08001cc3   Thumb Code     2  stm32f10x_it.o(.text)
    DebugMon_Handler                         0x08001cc5   Thumb Code     2  stm32f10x_it.o(.text)
    PendSV_Handler                           0x08001cc7   Thumb Code     2  stm32f10x_it.o(.text)
    SysTick_Handler                          0x08001cc9   Thumb Code     2  stm32f10x_it.o(.text)
    delay_us                                 0x08001ccb   Thumb Code    44  delay.o(.text)
    delay_ms                                 0x08001cf7   Thumb Code    26  delay.o(.text)
    delay_s                                  0x08001d11   Thumb Code    26  delay.o(.text)
    NVIC_Configuration                       0x08001d2b   Thumb Code    12  sys.o(.text)
    RCC_Configuration                        0x08001d37   Thumb Code   100  sys.o(.text)
    _sys_exit                                0x08001d9d   Thumb Code     6  usart.o(.text)
    fputc                                    0x08001da3   Thumb Code    22  usart.o(.text)
    USART1_printf                            0x08001db9   Thumb Code    82  usart.o(.text)
    USART1_Init                              0x08001e0b   Thumb Code   152  usart.o(.text)
    USART1_IRQHandler                        0x08001ea3   Thumb Code   132  usart.o(.text)
    RTC_First_Config                         0x08001f3d   Thumb Code    76  rtc.o(.text)
    RTC_Config                               0x08001f89   Thumb Code    62  rtc.o(.text)
    RTC_IRQHandler                           0x08001fc7   Thumb Code    20  rtc.o(.text)
    RTCAlarm_IRQHandler                      0x08001fdb   Thumb Code    20  rtc.o(.text)
    Is_Leap_Year                             0x08001fef   Thumb Code    58  rtc.o(.text)
    RTC_Set                                  0x08002029   Thumb Code   180  rtc.o(.text)
    RTC_Get_Week                             0x080020dd   Thumb Code   114  rtc.o(.text)
    RTC_Get                                  0x0800214f   Thumb Code   246  rtc.o(.text)
    LED_Init                                 0x08002279   Thumb Code    38  led.o(.text)
    KEY_Init                                 0x080022a5   Thumb Code    32  key.o(.text)
    BUZZER_Init                              0x080022c9   Thumb Code    40  buzzer.o(.text)
    BUZZER_BEEP1                             0x080022f1   Thumb Code    52  buzzer.o(.text)
    MIDI_PLAY                                0x08002325   Thumb Code   118  buzzer.o(.text)
    __use_no_semihosting                     0x080023a9   Thumb Code     2  use_no_semi_2.o(.text)
    __c89vsnprintf                           0x080023ad   Thumb Code    48  c89vsnprintf.o(.text)
    __2printf                                0x080023e1   Thumb Code    20  __2printf.o(.text)
    _printf_str                              0x080023f9   Thumb Code    82  _printf_str.o(.text)
    _printf_int_dec                          0x0800244d   Thumb Code   102  _printf_dec.o(.text)
    _printf_longlong_hex                     0x080024c5   Thumb Code    92  _printf_hex_int_ll_ptr.o(.text)
    _printf_int_hex                          0x08002521   Thumb Code    28  _printf_hex_int_ll_ptr.o(.text)
    _printf_ll_hex                           0x0800253d   Thumb Code    12  _printf_hex_int_ll_ptr.o(.text)
    _printf_hex_ptr                          0x08002549   Thumb Code    18  _printf_hex_int_ll_ptr.o(.text)
    __printf                                 0x08002561   Thumb Code   390  __printf_flags_ss_wp.o(.text)
    strlen                                   0x080026ed   Thumb Code    62  strlen.o(.text)
    __use_two_region_memory                  0x0800272b   Thumb Code     2  heapauxi.o(.text)
    __rt_heap_escrow$2region                 0x0800272d   Thumb Code     2  heapauxi.o(.text)
    __rt_heap_expand$2region                 0x0800272f   Thumb Code     2  heapauxi.o(.text)
    __I$use$semihosting                      0x08002731   Thumb Code     0  use_no_semi.o(.text)
    __use_no_semihosting_swi                 0x08002731   Thumb Code     2  use_no_semi.o(.text)
    _printf_pre_padding                      0x08002733   Thumb Code    46  _printf_pad.o(.text)
    _printf_post_padding                     0x08002761   Thumb Code    36  _printf_pad.o(.text)
    _printf_truncate_signed                  0x08002785   Thumb Code    18  _printf_truncate.o(.text)
    _printf_truncate_unsigned                0x08002797   Thumb Code    18  _printf_truncate.o(.text)
    _printf_int_common                       0x080027a9   Thumb Code   184  _printf_intcommon.o(.text)
    _printf_charcount                        0x08002861   Thumb Code    42  _printf_charcount.o(.text)
    _printf_char_common                      0x08002897   Thumb Code    32  _printf_char_common.o(.text)
    _sputc                                   0x080028bd   Thumb Code    10  _sputc.o(.text)
    _snputc                                  0x080028c7   Thumb Code    16  _snputc.o(.text)
    _printf_cs_common                        0x080028d7   Thumb Code    20  _printf_char.o(.text)
    _printf_char                             0x080028eb   Thumb Code    16  _printf_char.o(.text)
    _printf_string                           0x080028fb   Thumb Code     8  _printf_char.o(.text)
    _printf_char_file                        0x08002905   Thumb Code    32  _printf_char_file.o(.text)
    _printf_wctomb                           0x08002929   Thumb Code   182  _printf_wctomb.o(.text)
    _printf_longlong_dec                     0x080029e5   Thumb Code   104  _printf_longlong_dec.o(.text)
    _printf_longlong_oct                     0x08002a5d   Thumb Code    76  _printf_oct_int_ll.o(.text)
    _printf_int_oct                          0x08002aa9   Thumb Code    24  _printf_oct_int_ll.o(.text)
    _printf_ll_oct                           0x08002ac1   Thumb Code    12  _printf_oct_int_ll.o(.text)
    _ll_udiv10                               0x08002ad5   Thumb Code   138  lludiv10.o(.text)
    __lib_sel_fp_printf                      0x08002b5f   Thumb Code     2  _printf_fp_dec.o(.text)
    _printf_fp_dec_real                      0x08002d0b   Thumb Code   628  _printf_fp_dec.o(.text)
    _printf_lcs_common                       0x08002f7f   Thumb Code    20  _printf_wchar.o(.text)
    _printf_wchar                            0x08002f93   Thumb Code    16  _printf_wchar.o(.text)
    _printf_wstring                          0x08002fa3   Thumb Code     8  _printf_wchar.o(.text)
    ferror                                   0x08002fab   Thumb Code     8  ferror.o(.text)
    _wcrtomb                                 0x08002fb3   Thumb Code    64  _wcrtomb.o(.text)
    __user_setup_stackheap                   0x08002ff3   Thumb Code    74  sys_stackheap_outer.o(.text)
    __rt_ctype_table                         0x0800303d   Thumb Code    16  rt_ctype_table.o(.text)
    __rt_locale                              0x0800304d   Thumb Code     8  rt_locale_intlibspace.o(.text)
    _printf_fp_infnan                        0x08003055   Thumb Code   112  _printf_fp_infnan.o(.text)
    _btod_etento                             0x080030d5   Thumb Code   222  bigflt0.o(.text)
    exit                                     0x080031b9   Thumb Code    12  exit.o(.text)
    __user_libspace                          0x080031c5   Thumb Code     8  libspace.o(.text)
    __user_perproc_libspace                  0x080031c5   Thumb Code     0  libspace.o(.text)
    __user_perthread_libspace                0x080031c5   Thumb Code     0  libspace.o(.text)
    strcmp                                   0x080031cd   Thumb Code   128  strcmpv7m.o(.text)
    _btod_d2e                                0x0800324d   Thumb Code    62  btod.o(CL$$btod_d2e)
    _d2e_denorm_low                          0x0800328b   Thumb Code    70  btod.o(CL$$btod_d2e_denorm_low)
    _d2e_norm_op1                            0x080032d1   Thumb Code    96  btod.o(CL$$btod_d2e_norm_op1)
    __btod_div_common                        0x08003331   Thumb Code   696  btod.o(CL$$btod_div_common)
    _e2e                                     0x08003669   Thumb Code   198  btod.o(CL$$btod_e2e)
    _btod_ediv                               0x0800372f   Thumb Code    40  btod.o(CL$$btod_ediv)
    _btod_emul                               0x08003757   Thumb Code    40  btod.o(CL$$btod_emul)
    __btod_mult_common                       0x0800377f   Thumb Code   580  btod.o(CL$$btod_mult_common)
    __ARM_fpclassify                         0x080039c3   Thumb Code    40  fpclassify.o(i.__ARM_fpclassify)
    _is_digit                                0x080039eb   Thumb Code    14  __printf_wp.o(i._is_digit)
    _get_lc_numeric                          0x080039f9   Thumb Code    44  lc_numeric_c.o(locale$$code)
    _get_lc_ctype                            0x08003a25   Thumb Code    44  lc_ctype_c.o(locale$$code)
    _printf_fp_dec                           0x08003a51   Thumb Code     4  printf1.o(x$fpl$printf1)
    __I$use$fp                               0x08003a54   Number         0  usenofp.o(x$fpl$usenofp)
    table_week                               0x08003a54   Data          12  rtc.o(.constdata)
    mon_table                                0x08003a60   Data          12  rtc.o(.constdata)
    music1                                   0x08003a6c   Data         156  buzzer.o(.constdata)
    Region$$Table$$Base                      0x08003be0   Number         0  anon$$obj.o(Region$$Table)
    Region$$Table$$Limit                     0x08003c00   Number         0  anon$$obj.o(Region$$Table)
    __ctype                                  0x08003c29   Data           0  lc_ctype_c.o(locale$$data)
    SystemCoreClock                          0x20000000   Data           4  system_stm32f10x.o(.data)
    AHBPrescTable                            0x20000004   Data          16  system_stm32f10x.o(.data)
    USART1_RX_STA                            0x20000028   Data           2  usart.o(.data)
    __stdout                                 0x2000002c   Data           4  usart.o(.data)
    ryear                                    0x20000032   Data           2  rtc.o(.data)
    rmon                                     0x20000034   Data           1  rtc.o(.data)
    rday                                     0x20000035   Data           1  rtc.o(.data)
    rhour                                    0x20000036   Data           1  rtc.o(.data)
    rmin                                     0x20000037   Data           1  rtc.o(.data)
    rsec                                     0x20000038   Data           1  rtc.o(.data)
    rweek                                    0x20000039   Data           1  rtc.o(.data)
    USART1_RX_BUF                            0x2000003c   Data         200  usart.o(.bss)
    __libspace_start                         0x20000104   Data          96  libspace.o(.bss)
    __temporary_stack_top$libspace           0x20000164   Data           0  libspace.o(.bss)



==============================================================================

Memory Map of the image

  Image Entry point : 0x080000ed

  Load Region LR_IROM1 (Base: 0x08000000, Size: 0x00003d68, Max: 0x00010000, ABSOLUTE)

    Execution Region ER_IROM1 (Base: 0x08000000, Size: 0x00003d2c, Max: 0x00010000, ABSOLUTE)

    Base Addr    Size         Type   Attr      Idx    E Section Name        Object

    0x08000000   0x000000ec   Data   RO          237    RESET               startup_stm32f10x_md.o
    0x080000ec   0x00000008   Code   RO          509  * !!!main             c_w.l(__main.o)
    0x080000f4   0x00000034   Code   RO          816    !!!scatter          c_w.l(__scatter.o)
    0x08000128   0x0000001a   Code   RO          818    !!handler_copy      c_w.l(__scatter_copy.o)
    0x08000142   0x00000002   PAD
    0x08000144   0x0000001c   Code   RO          820    !!handler_zi        c_w.l(__scatter_zi.o)
    0x08000160   0x00000000   Code   RO          504    .ARM.Collect$$_printf_percent$$00000000  c_w.l(_printf_percent.o)
    0x08000160   0x00000006   Code   RO          544    .ARM.Collect$$_printf_percent$$00000001  c_w.l(_printf_n.o)
    0x08000166   0x00000006   Code   RO          545    .ARM.Collect$$_printf_percent$$00000002  c_w.l(_printf_p.o)
    0x0800016c   0x00000006   Code   RO          549    .ARM.Collect$$_printf_percent$$00000003  c_w.l(_printf_f.o)
    0x08000172   0x00000006   Code   RO          550    .ARM.Collect$$_printf_percent$$00000004  c_w.l(_printf_e.o)
    0x08000178   0x00000006   Code   RO          551    .ARM.Collect$$_printf_percent$$00000005  c_w.l(_printf_g.o)
    0x0800017e   0x00000006   Code   RO          552    .ARM.Collect$$_printf_percent$$00000006  c_w.l(_printf_a.o)
    0x08000184   0x0000000a   Code   RO          557    .ARM.Collect$$_printf_percent$$00000007  c_w.l(_printf_ll.o)
    0x0800018e   0x00000006   Code   RO          547    .ARM.Collect$$_printf_percent$$00000008  c_w.l(_printf_i.o)
    0x08000194   0x00000006   Code   RO          503    .ARM.Collect$$_printf_percent$$00000009  c_w.l(_printf_d.o)
    0x0800019a   0x00000006   Code   RO          548    .ARM.Collect$$_printf_percent$$0000000A  c_w.l(_printf_u.o)
    0x080001a0   0x00000006   Code   RO          546    .ARM.Collect$$_printf_percent$$0000000B  c_w.l(_printf_o.o)
    0x080001a6   0x00000006   Code   RO          502    .ARM.Collect$$_printf_percent$$0000000C  c_w.l(_printf_x.o)
    0x080001ac   0x00000006   Code   RO          554    .ARM.Collect$$_printf_percent$$0000000D  c_w.l(_printf_lli.o)
    0x080001b2   0x00000006   Code   RO          555    .ARM.Collect$$_printf_percent$$0000000E  c_w.l(_printf_lld.o)
    0x080001b8   0x00000006   Code   RO          556    .ARM.Collect$$_printf_percent$$0000000F  c_w.l(_printf_llu.o)
    0x080001be   0x00000006   Code   RO          561    .ARM.Collect$$_printf_percent$$00000010  c_w.l(_printf_llo.o)
    0x080001c4   0x00000006   Code   RO          562    .ARM.Collect$$_printf_percent$$00000011  c_w.l(_printf_llx.o)
    0x080001ca   0x0000000a   Code   RO          558    .ARM.Collect$$_printf_percent$$00000012  c_w.l(_printf_l.o)
    0x080001d4   0x00000006   Code   RO          501    .ARM.Collect$$_printf_percent$$00000013  c_w.l(_printf_c.o)
    0x080001da   0x00000006   Code   RO          543    .ARM.Collect$$_printf_percent$$00000014  c_w.l(_printf_s.o)
    0x080001e0   0x00000006   Code   RO          559    .ARM.Collect$$_printf_percent$$00000015  c_w.l(_printf_lc.o)
    0x080001e6   0x00000006   Code   RO          560    .ARM.Collect$$_printf_percent$$00000016  c_w.l(_printf_ls.o)
    0x080001ec   0x00000004   Code   RO          553    .ARM.Collect$$_printf_percent$$00000017  c_w.l(_printf_percent_end.o)
    0x080001f0   0x00000002   Code   RO          643    .ARM.Collect$$libinit$$00000000  c_w.l(libinit.o)
    0x080001f2   0x00000000   Code   RO          672    .ARM.Collect$$libinit$$00000002  c_w.l(libinit2.o)
    0x080001f2   0x00000000   Code   RO          675    .ARM.Collect$$libinit$$00000008  c_w.l(libinit2.o)
    0x080001f2   0x00000000   Code   RO          677    .ARM.Collect$$libinit$$0000000A  c_w.l(libinit2.o)
    0x080001f2   0x00000000   Code   RO          679    .ARM.Collect$$libinit$$0000000C  c_w.l(libinit2.o)
    0x080001f2   0x00000006   Code   RO          680    .ARM.Collect$$libinit$$0000000D  c_w.l(libinit2.o)
    0x080001f8   0x00000000   Code   RO          682    .ARM.Collect$$libinit$$0000000F  c_w.l(libinit2.o)
    0x080001f8   0x0000000c   Code   RO          683    .ARM.Collect$$libinit$$00000010  c_w.l(libinit2.o)
    0x08000204   0x00000000   Code   RO          684    .ARM.Collect$$libinit$$00000011  c_w.l(libinit2.o)
    0x08000204   0x00000000   Code   RO          686    .ARM.Collect$$libinit$$00000013  c_w.l(libinit2.o)
    0x08000204   0x0000000a   Code   RO          687    .ARM.Collect$$libinit$$00000014  c_w.l(libinit2.o)
    0x0800020e   0x00000000   Code   RO          688    .ARM.Collect$$libinit$$00000015  c_w.l(libinit2.o)
    0x0800020e   0x00000000   Code   RO          690    .ARM.Collect$$libinit$$00000017  c_w.l(libinit2.o)
    0x0800020e   0x00000000   Code   RO          692    .ARM.Collect$$libinit$$00000019  c_w.l(libinit2.o)
    0x0800020e   0x00000000   Code   RO          694    .ARM.Collect$$libinit$$0000001B  c_w.l(libinit2.o)
    0x0800020e   0x00000000   Code   RO          696    .ARM.Collect$$libinit$$0000001D  c_w.l(libinit2.o)
    0x0800020e   0x00000000   Code   RO          698    .ARM.Collect$$libinit$$0000001F  c_w.l(libinit2.o)
    0x0800020e   0x00000000   Code   RO          700    .ARM.Collect$$libinit$$00000021  c_w.l(libinit2.o)
    0x0800020e   0x00000000   Code   RO          702    .ARM.Collect$$libinit$$00000023  c_w.l(libinit2.o)
    0x0800020e   0x00000000   Code   RO          706    .ARM.Collect$$libinit$$0000002A  c_w.l(libinit2.o)
    0x0800020e   0x00000000   Code   RO          708    .ARM.Collect$$libinit$$0000002C  c_w.l(libinit2.o)
    0x0800020e   0x00000000   Code   RO          710    .ARM.Collect$$libinit$$0000002E  c_w.l(libinit2.o)
    0x0800020e   0x00000000   Code   RO          712    .ARM.Collect$$libinit$$00000030  c_w.l(libinit2.o)
    0x0800020e   0x00000002   Code   RO          713    .ARM.Collect$$libinit$$00000031  c_w.l(libinit2.o)
    0x08000210   0x00000002   Code   RO          759    .ARM.Collect$$libshutdown$$00000000  c_w.l(libshutdown.o)
    0x08000212   0x00000000   Code   RO          770    .ARM.Collect$$libshutdown$$00000003  c_w.l(libshutdown2.o)
    0x08000212   0x00000000   Code   RO          773    .ARM.Collect$$libshutdown$$00000006  c_w.l(libshutdown2.o)
    0x08000212   0x00000000   Code   RO          776    .ARM.Collect$$libshutdown$$00000009  c_w.l(libshutdown2.o)
    0x08000212   0x00000000   Code   RO          778    .ARM.Collect$$libshutdown$$0000000B  c_w.l(libshutdown2.o)
    0x08000212   0x00000000   Code   RO          781    .ARM.Collect$$libshutdown$$0000000E  c_w.l(libshutdown2.o)
    0x08000212   0x00000002   Code   RO          782    .ARM.Collect$$libshutdown$$0000000F  c_w.l(libshutdown2.o)
    0x08000214   0x00000000   Code   RO          513    .ARM.Collect$$rtentry$$00000000  c_w.l(rtentry.o)
    0x08000214   0x00000000   Code   RO          566    .ARM.Collect$$rtentry$$00000002  c_w.l(rtentry2.o)
    0x08000214   0x00000006   Code   RO          578    .ARM.Collect$$rtentry$$00000004  c_w.l(rtentry4.o)
    0x0800021a   0x00000000   Code   RO          568    .ARM.Collect$$rtentry$$00000009  c_w.l(rtentry2.o)
    0x0800021a   0x00000004   Code   RO          569    .ARM.Collect$$rtentry$$0000000A  c_w.l(rtentry2.o)
    0x0800021e   0x00000000   Code   RO          571    .ARM.Collect$$rtentry$$0000000C  c_w.l(rtentry2.o)
    0x0800021e   0x00000008   Code   RO          572    .ARM.Collect$$rtentry$$0000000D  c_w.l(rtentry2.o)
    0x08000226   0x00000002   Code   RO          652    .ARM.Collect$$rtexit$$00000000  c_w.l(rtexit.o)
    0x08000228   0x00000000   Code   RO          715    .ARM.Collect$$rtexit$$00000002  c_w.l(rtexit2.o)
    0x08000228   0x00000004   Code   RO          716    .ARM.Collect$$rtexit$$00000003  c_w.l(rtexit2.o)
    0x0800022c   0x00000006   Code   RO          717    .ARM.Collect$$rtexit$$00000004  c_w.l(rtexit2.o)
    0x08000232   0x00000002   PAD
    0x08000234   0x000001c8   Code   RO           17    .text               system_stm32f10x.o
    0x080003fc   0x000000dc   Code   RO          114    .text               misc.o
    0x080004d8   0x00000358   Code   RO          149    .text               stm32f10x_gpio.o
    0x08000830   0x0000039c   Code   RO          161    .text               stm32f10x_rcc.o
    0x08000bcc   0x00000408   Code   RO          175    .text               stm32f10x_usart.o
    0x08000fd4   0x000000ac   Code   RO          187    .text               stm32f10x_bkp.o
    0x08001080   0x000000cc   Code   RO          199    .text               stm32f10x_pwr.o
    0x0800114c   0x00000144   Code   RO          211    .text               stm32f10x_rtc.o
    0x08001290   0x000005b4   Code   RO          223    .text               stm32f10x_flash.o
    0x08001844   0x00000040   Code   RO          238    .text               startup_stm32f10x_md.o
    0x08001884   0x0000042c   Code   RO          242    .text               main.o
    0x08001cb0   0x0000001a   Code   RO          290    .text               stm32f10x_it.o
    0x08001cca   0x00000060   Code   RO          305    .text               delay.o
    0x08001d2a   0x00000070   Code   RO          320    .text               sys.o
    0x08001d9a   0x00000002   PAD
    0x08001d9c   0x000001a0   Code   RO          350    .text               usart.o
    0x08001f3c   0x0000033c   Code   RO          377    .text               rtc.o
    0x08002278   0x0000002c   Code   RO          396    .text               led.o
    0x080022a4   0x00000024   Code   RO          411    .text               key.o
    0x080022c8   0x000000e0   Code   RO          426    .text               buzzer.o
    0x080023a8   0x00000002   Code   RO          446    .text               c_w.l(use_no_semi_2.o)
    0x080023aa   0x00000002   PAD
    0x080023ac   0x00000034   Code   RO          448    .text               c_w.l(c89vsnprintf.o)
    0x080023e0   0x00000018   Code   RO          450    .text               c_w.l(__2printf.o)
    0x080023f8   0x00000052   Code   RO          456    .text               c_w.l(_printf_str.o)
    0x0800244a   0x00000002   PAD
    0x0800244c   0x00000078   Code   RO          458    .text               c_w.l(_printf_dec.o)
    0x080024c4   0x0000009c   Code   RO          478    .text               c_w.l(_printf_hex_int_ll_ptr.o)
    0x08002560   0x0000018c   Code   RO          498    .text               c_w.l(__printf_flags_ss_wp.o)
    0x080026ec   0x0000003e   Code   RO          505    .text               c_w.l(strlen.o)
    0x0800272a   0x00000006   Code   RO          507    .text               c_w.l(heapauxi.o)
    0x08002730   0x00000002   Code   RO          511    .text               c_w.l(use_no_semi.o)
    0x08002732   0x00000052   Code   RO          514    .text               c_w.l(_printf_pad.o)
    0x08002784   0x00000024   Code   RO          516    .text               c_w.l(_printf_truncate.o)
    0x080027a8   0x000000b8   Code   RO          518    .text               c_w.l(_printf_intcommon.o)
    0x08002860   0x0000002a   Code   RO          520    .text               c_w.l(_printf_charcount.o)
    0x0800288a   0x00000002   PAD
    0x0800288c   0x00000030   Code   RO          522    .text               c_w.l(_printf_char_common.o)
    0x080028bc   0x0000000a   Code   RO          524    .text               c_w.l(_sputc.o)
    0x080028c6   0x00000010   Code   RO          526    .text               c_w.l(_snputc.o)
    0x080028d6   0x0000002c   Code   RO          528    .text               c_w.l(_printf_char.o)
    0x08002902   0x00000002   PAD
    0x08002904   0x00000024   Code   RO          530    .text               c_w.l(_printf_char_file.o)
    0x08002928   0x000000bc   Code   RO          532    .text               c_w.l(_printf_wctomb.o)
    0x080029e4   0x00000078   Code   RO          535    .text               c_w.l(_printf_longlong_dec.o)
    0x08002a5c   0x00000078   Code   RO          541    .text               c_w.l(_printf_oct_int_ll.o)
    0x08002ad4   0x0000008a   Code   RO          580    .text               c_w.l(lludiv10.o)
    0x08002b5e   0x00000420   Code   RO          582    .text               c_w.l(_printf_fp_dec.o)
    0x08002f7e   0x0000002c   Code   RO          586    .text               c_w.l(_printf_wchar.o)
    0x08002faa   0x00000008   Code   RO          588    .text               c_w.l(ferror.o)
    0x08002fb2   0x00000040   Code   RO          592    .text               c_w.l(_wcrtomb.o)
    0x08002ff2   0x0000004a   Code   RO          594    .text               c_w.l(sys_stackheap_outer.o)
    0x0800303c   0x00000010   Code   RO          596    .text               c_w.l(rt_ctype_table.o)
    0x0800304c   0x00000008   Code   RO          601    .text               c_w.l(rt_locale_intlibspace.o)
    0x08003054   0x00000080   Code   RO          603    .text               c_w.l(_printf_fp_infnan.o)
    0x080030d4   0x000000e4   Code   RO          605    .text               c_w.l(bigflt0.o)
    0x080031b8   0x0000000c   Code   RO          636    .text               c_w.l(exit.o)
    0x080031c4   0x00000008   Code   RO          649    .text               c_w.l(libspace.o)
    0x080031cc   0x00000080   Code   RO          669    .text               c_w.l(strcmpv7m.o)
    0x0800324c   0x0000003e   Code   RO          608    CL$$btod_d2e        c_w.l(btod.o)
    0x0800328a   0x00000046   Code   RO          610    CL$$btod_d2e_denorm_low  c_w.l(btod.o)
    0x080032d0   0x00000060   Code   RO          609    CL$$btod_d2e_norm_op1  c_w.l(btod.o)
    0x08003330   0x00000338   Code   RO          618    CL$$btod_div_common  c_w.l(btod.o)
    0x08003668   0x000000c6   Code   RO          615    CL$$btod_e2e        c_w.l(btod.o)
    0x0800372e   0x00000028   Code   RO          612    CL$$btod_ediv       c_w.l(btod.o)
    0x08003756   0x00000028   Code   RO          611    CL$$btod_emul       c_w.l(btod.o)
    0x0800377e   0x00000244   Code   RO          617    CL$$btod_mult_common  c_w.l(btod.o)
    0x080039c2   0x00000028   Code   RO          647    i.__ARM_fpclassify  m_ws.l(fpclassify.o)
    0x080039ea   0x0000000e   Code   RO          491    i._is_digit         c_w.l(__printf_wp.o)
    0x080039f8   0x0000002c   Code   RO          631    locale$$code        c_w.l(lc_numeric_c.o)
    0x08003a24   0x0000002c   Code   RO          664    locale$$code        c_w.l(lc_ctype_c.o)
    0x08003a50   0x00000004   Code   RO          563    x$fpl$printf1       fz_ws.l(printf1.o)
    0x08003a54   0x00000000   Code   RO          646    x$fpl$usenofp       fz_ws.l(usenofp.o)
    0x08003a54   0x00000018   Data   RO          378    .constdata          rtc.o
    0x08003a6c   0x0000009c   Data   RO          427    .constdata          buzzer.o
    0x08003b08   0x00000028   Data   RO          479    .constdata          c_w.l(_printf_hex_int_ll_ptr.o)
    0x08003b30   0x00000011   Data   RO          499    .constdata          c_w.l(__printf_flags_ss_wp.o)
    0x08003b41   0x00000003   PAD
    0x08003b44   0x00000008   Data   RO          533    .constdata          c_w.l(_printf_wctomb.o)
    0x08003b4c   0x00000094   Data   RO          606    .constdata          c_w.l(bigflt0.o)
    0x08003be0   0x00000020   Data   RO          814    Region$$Table       anon$$obj.o
    0x08003c00   0x0000001c   Data   RO          630    locale$$data        c_w.l(lc_numeric_c.o)
    0x08003c1c   0x00000110   Data   RO          663    locale$$data        c_w.l(lc_ctype_c.o)


    Execution Region RW_IRAM1 (Base: 0x20000000, Size: 0x00000768, Max: 0x00005000, ABSOLUTE)

    Base Addr    Size         Type   Attr      Idx    E Section Name        Object

    0x20000000   0x00000014   Data   RW           18    .data               system_stm32f10x.o
    0x20000014   0x00000014   Data   RW          162    .data               stm32f10x_rcc.o
    0x20000028   0x00000008   Data   RW          352    .data               usart.o
    0x20000030   0x0000000a   Data   RW          379    .data               rtc.o
    0x2000003a   0x00000002   PAD
    0x2000003c   0x000000c8   Zero   RW          351    .bss                usart.o
    0x20000104   0x00000060   Zero   RW          650    .bss                c_w.l(libspace.o)
    0x20000164   0x00000004   PAD
    0x20000168   0x00000200   Zero   RW          236    HEAP                startup_stm32f10x_md.o
    0x20000368   0x00000400   Zero   RW          235    STACK               startup_stm32f10x_md.o


==============================================================================

Image component sizes


      Code (inc. data)   RO Data    RW Data    ZI Data      Debug   Object Name

       224         14        156          0          0       1222   buzzer.o
         0          0          0          0          0       4244   core_cm3.o
        96          0          0          0          0        764   delay.o
        36          4          0          0          0        411   key.o
        44          6          0          0          0        415   led.o
      1068        474          0          0          0        675   main.o
       220         20          0          0          0     204829   misc.o
       828         52         24         10          0       3076   rtc.o
        64         26        236          0       1536        748   startup_stm32f10x_md.o
       172          8          0          0          0       3152   stm32f10x_bkp.o
      1460         32          0          0          0       7818   stm32f10x_flash.o
       856         40          0          0          0       5453   stm32f10x_gpio.o
        26          0          0          0          0       1142   stm32f10x_it.o
       204         16          0          0          0       1827   stm32f10x_pwr.o
       924         44          0         20          0       8536   stm32f10x_rcc.o
       324          4          0          0          0       2574   stm32f10x_rtc.o
      1032         22          0          0          0       8172   stm32f10x_usart.o
       112          0          0          0          0        623   sys.o
       456         36          0         20          0      30743   system_stm32f10x.o
       416         22          0          8        200       3736   usart.o

    ----------------------------------------------------------------------
      8564        820        448         60       1736     290160   Object Totals
         0          0         32          0          0          0   (incl. Generated)
         2          0          0          2          0          0   (incl. Padding)

    ----------------------------------------------------------------------

      Code (inc. data)   RO Data    RW Data    ZI Data      Debug   Library Member Name

        24          4          0          0          0         84   __2printf.o
         8          0          0          0          0         68   __main.o
       396          6         17          0          0         92   __printf_flags_ss_wp.o
        14          0          0          0          0         68   __printf_wp.o
        52          8          0          0          0          0   __scatter.o
        26          0          0          0          0          0   __scatter_copy.o
        28          0          0          0          0          0   __scatter_zi.o
         6          0          0          0          0          0   _printf_a.o
         6          0          0          0          0          0   _printf_c.o
        44          0          0          0          0        108   _printf_char.o
        48          6          0          0          0         96   _printf_char_common.o
        36          4          0          0          0         80   _printf_char_file.o
        42          0          0          0          0         68   _printf_charcount.o
         6          0          0          0          0          0   _printf_d.o
       120         18          0          0          0         92   _printf_dec.o
         6          0          0          0          0          0   _printf_e.o
         6          0          0          0          0          0   _printf_f.o
      1056          0          0          0          0        212   _printf_fp_dec.o
       128         16          0          0          0         84   _printf_fp_infnan.o
         6          0          0          0          0          0   _printf_g.o
       156          6         40          0          0        160   _printf_hex_int_ll_ptr.o
         6          0          0          0          0          0   _printf_i.o
       184          0          0          0          0         88   _printf_intcommon.o
        10          0          0          0          0          0   _printf_l.o
         6          0          0          0          0          0   _printf_lc.o
        10          0          0          0          0          0   _printf_ll.o
         6          0          0          0          0          0   _printf_lld.o
         6          0          0          0          0          0   _printf_lli.o
         6          0          0          0          0          0   _printf_llo.o
         6          0          0          0          0          0   _printf_llu.o
         6          0          0          0          0          0   _printf_llx.o
       120         16          0          0          0         92   _printf_longlong_dec.o
         6          0          0          0          0          0   _printf_ls.o
         6          0          0          0          0          0   _printf_n.o
         6          0          0          0          0          0   _printf_o.o
       120          8          0          0          0        124   _printf_oct_int_ll.o
         6          0          0          0          0          0   _printf_p.o
        82          0          0          0          0        108   _printf_pad.o
         0          0          0          0          0          0   _printf_percent.o
         4          0          0          0          0          0   _printf_percent_end.o
         6          0          0          0          0          0   _printf_s.o
        82          0          0          0          0         80   _printf_str.o
        36          0          0          0          0         84   _printf_truncate.o
         6          0          0          0          0          0   _printf_u.o
        44          0          0          0          0        108   _printf_wchar.o
       188          6          8          0          0         92   _printf_wctomb.o
         6          0          0          0          0          0   _printf_x.o
        16          0          0          0          0         68   _snputc.o
        10          0          0          0          0         68   _sputc.o
        64          0          0          0          0         92   _wcrtomb.o
       228          6        148          0          0         96   bigflt0.o
      1910        128          0          0          0        672   btod.o
        52          4          0          0          0         80   c89vsnprintf.o
        12          0          0          0          0         72   exit.o
         8          0          0          0          0         68   ferror.o
         6          0          0          0          0        152   heapauxi.o
        44         10        272          0          0         76   lc_ctype_c.o
        44         10         28          0          0         76   lc_numeric_c.o
         2          0          0          0          0          0   libinit.o
        30          0          0          0          0          0   libinit2.o
         2          0          0          0          0          0   libshutdown.o
         2          0          0          0          0          0   libshutdown2.o
         8          4          0          0         96         68   libspace.o
       138          0          0          0          0         80   lludiv10.o
        16          4          0          0          0         76   rt_ctype_table.o
         8          4          0          0          0         68   rt_locale_intlibspace.o
         0          0          0          0          0          0   rtentry.o
        12          0          0          0          0          0   rtentry2.o
         6          0          0          0          0          0   rtentry4.o
         2          0          0          0          0          0   rtexit.o
        10          0          0          0          0          0   rtexit2.o
       128          0          0          0          0         68   strcmpv7m.o
        62          0          0          0          0         76   strlen.o
        74          0          0          0          0         80   sys_stackheap_outer.o
         2          0          0          0          0         68   use_no_semi.o
         2          0          0          0          0         68   use_no_semi_2.o
         4          0          0          0          0         68   printf1.o
         0          0          0          0          0          0   usenofp.o
        40          0          0          0          0         68   fpclassify.o

    ----------------------------------------------------------------------
      6132        268        516          0        100       4296   Library Totals
        12          0          3          0          4          0   (incl. Padding)

    ----------------------------------------------------------------------

      Code (inc. data)   RO Data    RW Data    ZI Data      Debug   Library Name

      6076        268        513          0         96       4160   c_w.l
         4          0          0          0          0         68   fz_ws.l
        40          0          0          0          0         68   m_ws.l

    ----------------------------------------------------------------------
      6132        268        516          0        100       4296   Library Totals

    ----------------------------------------------------------------------

==============================================================================


      Code (inc. data)   RO Data    RW Data    ZI Data      Debug   

     14696       1088        964         60       1836     290036   Grand Totals
     14696       1088        964         60       1836     290036   ELF Image Totals
     14696       1088        964         60          0          0   ROM Totals

==============================================================================

    Total RO  Size (Code + RO Data)                15660 (  15.29kB)
    Total RW  Size (RW Data + ZI Data)              1896 (   1.85kB)
    Total ROM Size (Code + RO Data + RW Data)      15720 (  15.35kB)

==============================================================================

