<html>
<body>
<pre>
<h1>µVision Build Log</h1>
<h2>Project:</h2>
D:\Code\stm32\DAY_0119\terminal_serial_port\YT32B1_STM32F103_demo.uvproj
Project File Date:  01/09/2018

<h2>Output:</h2>
Rebuild target 'Target 1'
compiling core_cm3.c...
compiling system_stm32f10x.c...
compiling misc.c...
compiling stm32f10x_gpio.c...
compiling stm32f10x_rcc.c...
compiling stm32f10x_usart.c...
compiling stm32f10x_bkp.c...
compiling stm32f10x_pwr.c...
compiling stm32f10x_rtc.c...
compiling stm32f10x_flash.c...
assembling startup_stm32f10x_md.s...
compiling main.c...
compiling stm32f10x_it.c...
compiling delay.c...
compiling sys.c...
compiling flash.c...
compiling usart.c...
compiling led.c...
compiling key.c...
compiling buzzer.c...
linking...
Program Size: Code=12640 RO-data=940 RW-data=48 ZI-data=1832  
FromELF: creating hex file...
"YT32B1_STM32F103_demo.axf" - 0 Error(s), 0 Warning(s).
Build target 'Target 1'
compiling usart.c...
linking...
Program Size: Code=12624 RO-data=940 RW-data=48 ZI-data=1832  
FromELF: creating hex file...
"YT32B1_STM32F103_demo.axf" - 0 Error(s), 0 Warning(s).
Build target 'Target 1'
compiling usart.c...
linking...
Program Size: Code=12560 RO-data=940 RW-data=48 ZI-data=1832  
FromELF: creating hex file...
"YT32B1_STM32F103_demo.axf" - 0 Error(s), 0 Warning(s).
Build target 'Target 1'
compiling usart.c...
linking...
Program Size: Code=12572 RO-data=940 RW-data=48 ZI-data=1832  
FromELF: creating hex file...
"YT32B1_STM32F103_demo.axf" - 0 Error(s), 0 Warning(s).
Build target 'Target 1'
compiling usart.c...
Basic\usart\usart.c(129): warning:  #177-D: variable "status" was declared but never referenced
Basic\usart\usart.c(131): warning:  #177-D: variable "i" was declared but never referenced
linking...
Program Size: Code=12536 RO-data=940 RW-data=48 ZI-data=1832  
FromELF: creating hex file...
"YT32B1_STM32F103_demo.axf" - 0 Error(s), 2 Warning(s).
Build target 'Target 1'
compiling usart.c...
linking...
Program Size: Code=12532 RO-data=940 RW-data=48 ZI-data=1832  
FromELF: creating hex file...
"YT32B1_STM32F103_demo.axf" - 0 Error(s), 0 Warning(s).
Build target 'Target 1'
compiling main.c...
compiling usart.c...
Basic\usart\usart.c(140): error:  #20: identifier "USART_i" is undefined
Basic\usart\usart.c(146): error:  #20: identifier "USART_STATUS" is undefined
Target not created
Build target 'Target 1'
compiling usart.c...
Basic\usart\usart.c(140): error:  #20: identifier "USART_i" is undefined
Basic\usart\usart.c(146): error:  #20: identifier "USART_STATUS" is undefined
Target not created
Build target 'Target 1'
compiling main.c...
compiling usart.c...
Basic\usart\usart.c(140): error:  #20: identifier "USART_i" is undefined
Basic\usart\usart.c(146): error:  #20: identifier "USART_STATUS" is undefined
Target not created
Build target 'Target 1'
compiling main.c...
compiling usart.c...
Basic\usart\usart.c(140): error:  #20: identifier "USART_i" is undefined
Basic\usart\usart.c(146): error:  #20: identifier "USART_STATUS" is undefined
Target not created
Rebuild target 'Target 1'
compiling core_cm3.c...
compiling system_stm32f10x.c...
compiling misc.c...
compiling stm32f10x_gpio.c...
compiling stm32f10x_rcc.c...
compiling stm32f10x_usart.c...
compiling stm32f10x_bkp.c...
compiling stm32f10x_pwr.c...
compiling stm32f10x_rtc.c...
compiling stm32f10x_flash.c...
assembling startup_stm32f10x_md.s...
compiling main.c...
compiling stm32f10x_it.c...
compiling delay.c...
compiling sys.c...
compiling flash.c...
compiling usart.c...
Basic\usart\usart.c(140): error:  #20: identifier "USART_i" is undefined
Basic\usart\usart.c(146): error:  #20: identifier "USART_STATUS" is undefined
compiling led.c...
compiling key.c...
compiling buzzer.c...
Target not created
Build target 'Target 1'
compiling usart.c...
Basic\usart\usart.c(140): error:  #20: identifier "USART_i" is undefined
Target not created
Build target 'Target 1'
compiling usart.c...
linking...
YT32B1_STM32F103_demo.axf: Error: L6200E: Symbol USART1_STATUS multiply defined (by usart.o and main.o).
YT32B1_STM32F103_demo.axf: Error: L6200E: Symbol USART1_i multiply defined (by usart.o and main.o).
Target not created
Build target 'Target 1'
compiling main.c...
compiling usart.c...
linking...
YT32B1_STM32F103_demo.axf: Error: L6218E: Undefined symbol USART1_STATUS (referred from usart.o).
YT32B1_STM32F103_demo.axf: Error: L6218E: Undefined symbol USART1_i (referred from usart.o).
Target not created
Build target 'Target 1'
compiling main.c...
compiling usart.c...
linking...
YT32B1_STM32F103_demo.axf: Error: L6218E: Undefined symbol USART1_STATUS (referred from usart.o).
YT32B1_STM32F103_demo.axf: Error: L6218E: Undefined symbol USART1_i (referred from usart.o).
Target not created
Build target 'Target 1'
compiling usart.c...
linking...
YT32B1_STM32F103_demo.axf: Error: L6218E: Undefined symbol USART1_STATUS (referred from usart.o).
YT32B1_STM32F103_demo.axf: Error: L6218E: Undefined symbol USART1_i (referred from usart.o).
Target not created
Build target 'Target 1'
compiling usart.c...
linking...
YT32B1_STM32F103_demo.axf: Error: L6218E: Undefined symbol USART1_STATUS (referred from usart.o).
YT32B1_STM32F103_demo.axf: Error: L6218E: Undefined symbol USART1_i (referred from usart.o).
Target not created
Build target 'Target 1'
compiling main.c...
compiling usart.c...
linking...
Program Size: Code=12592 RO-data=940 RW-data=48 ZI-data=1832  
FromELF: creating hex file...
"YT32B1_STM32F103_demo.axf" - 0 Error(s), 0 Warning(s).
Build target 'Target 1'
compiling usart.c...
linking...
Program Size: Code=12600 RO-data=940 RW-data=48 ZI-data=1832  
FromELF: creating hex file...
"YT32B1_STM32F103_demo.axf" - 0 Error(s), 0 Warning(s).
Build target 'Target 1'
compiling usart.c...
linking...
Program Size: Code=12604 RO-data=940 RW-data=48 ZI-data=1832  
FromELF: creating hex file...
"YT32B1_STM32F103_demo.axf" - 0 Error(s), 0 Warning(s).
Build target 'Target 1'
compiling usart.c...
linking...
Program Size: Code=12592 RO-data=940 RW-data=48 ZI-data=1832  
FromELF: creating hex file...
"YT32B1_STM32F103_demo.axf" - 0 Error(s), 0 Warning(s).
Build target 'Target 1'
compiling usart.c...
Basic\usart\usart.c(150): error:  #165: too few arguments in function call
Target not created
Build target 'Target 1'
compiling usart.c...
linking...
Program Size: Code=12748 RO-data=940 RW-data=48 ZI-data=1832  
FromELF: creating hex file...
"YT32B1_STM32F103_demo.axf" - 0 Error(s), 0 Warning(s).
Build target 'Target 1'
compiling usart.c...
linking...
Program Size: Code=12748 RO-data=940 RW-data=48 ZI-data=1832  
FromELF: creating hex file...
"YT32B1_STM32F103_demo.axf" - 0 Error(s), 0 Warning(s).
