<html>
<body>
<pre>
<h1>µVision Build Log</h1>
<h2>Project:</h2>
D:\Code\stm32\DAY_0205\OLED_Chinese_&_Picture\YT32B1_STM32F103_demo.uvproj
Project File Date:  02/27/2018

<h2>Output:</h2>
Build target 'Target 1'
compiling core_cm3.c...
compiling system_stm32f10x.c...
compiling misc.c...
compiling stm32f10x_gpio.c...
compiling stm32f10x_rcc.c...
compiling stm32f10x_usart.c...
compiling stm32f10x_bkp.c...
compiling stm32f10x_pwr.c...
compiling stm32f10x_rtc.c...
compiling stm32f10x_flash.c...
compiling stm32f10x_i2c.c...
compiling main.c...
compiling stm32f10x_it.c...
compiling delay.c...
compiling sys.c...
compiling flash.c...
compiling usart.c...
compiling rtc.c...
compiling i2c.c...
compiling led.c...
compiling key.c...
compiling buzzer.c...
compiling touch_key.c...
compiling TM1640.c...
compiling encoder.c...
compiling lm75a.c...
compiling oled0561.c...
linking...
Program Size: Code=16296 RO-data=3496 RW-data=60 ZI-data=1836  
FromELF: creating hex file...
"YT32B1_STM32F103_demo.axf" - 0 Error(s), 0 Warning(s).
Build target 'Target 1'
compiling main.c...
linking...
Program Size: Code=16296 RO-data=3496 RW-data=60 ZI-data=1836  
FromELF: creating hex file...
"YT32B1_STM32F103_demo.axf" - 0 Error(s), 0 Warning(s).
Build target 'Target 1'
compiling main.c...
User\main.c(60): error:  #268: declaration may not appear after executable statement in block
User\main.c(60): error:  #165: too few arguments in function call
compiling i2c.c...
compiling oled0561.c...
Target not created
Build target 'Target 1'
compiling main.c...
User\main.c(60): error:  #268: declaration may not appear after executable statement in block
Target not created
Build target 'Target 1'
compiling main.c...
User\main.c(49): error:  #268: declaration may not appear after executable statement in block
Target not created
Build target 'Target 1'
compiling main.c...
User\main.c(30): error:  #268: declaration may not appear after executable statement in block
Target not created
Build target 'Target 1'
compiling main.c...
linking...
Program Size: Code=16236 RO-data=3496 RW-data=64 ZI-data=1832  
FromELF: creating hex file...
"YT32B1_STM32F103_demo.axf" - 0 Error(s), 0 Warning(s).
Build target 'Target 1'
compiling main.c...
linking...
Program Size: Code=16236 RO-data=3496 RW-data=64 ZI-data=1832  
FromELF: creating hex file...
"YT32B1_STM32F103_demo.axf" - 0 Error(s), 0 Warning(s).
Build target 'Target 1'
compiling main.c...
linking...
Program Size: Code=16192 RO-data=3496 RW-data=60 ZI-data=1836  
FromELF: creating hex file...
"YT32B1_STM32F103_demo.axf" - 0 Error(s), 0 Warning(s).
Build target 'Target 1'
compiling main.c...
linking...
Program Size: Code=16192 RO-data=3496 RW-data=60 ZI-data=1836  
FromELF: creating hex file...
"YT32B1_STM32F103_demo.axf" - 0 Error(s), 0 Warning(s).
Rebuild target 'Target 1'
compiling core_cm3.c...
compiling system_stm32f10x.c...
compiling misc.c...
compiling stm32f10x_gpio.c...
compiling stm32f10x_rcc.c...
compiling stm32f10x_usart.c...
compiling stm32f10x_bkp.c...
compiling stm32f10x_pwr.c...
compiling stm32f10x_rtc.c...
compiling stm32f10x_flash.c...
compiling stm32f10x_i2c.c...
assembling startup_stm32f10x_md.s...
compiling main.c...
compiling stm32f10x_it.c...
compiling delay.c...
compiling sys.c...
compiling flash.c...
compiling usart.c...
compiling rtc.c...
compiling i2c.c...
compiling led.c...
compiling key.c...
compiling buzzer.c...
compiling touch_key.c...
compiling TM1640.c...
compiling encoder.c...
compiling lm75a.c...
compiling oled0561.c...
linking...
Program Size: Code=16192 RO-data=3496 RW-data=60 ZI-data=1836  
FromELF: creating hex file...
"YT32B1_STM32F103_demo.axf" - 0 Error(s), 0 Warning(s).
Build target 'Target 1'
compiling main.c...
User\main.c(30): warning:  #177-D: variable "test_data" was declared but never referenced
linking...
Program Size: Code=16192 RO-data=3496 RW-data=60 ZI-data=1836  
FromELF: creating hex file...
"YT32B1_STM32F103_demo.axf" - 0 Error(s), 1 Warning(s).
Build target 'Target 1'
linking...
Program Size: Code=16192 RO-data=3496 RW-data=60 ZI-data=1836  
FromELF: creating hex file...
"YT32B1_STM32F103_demo.axf" - 0 Error(s), 0 Warning(s).
Build target 'Target 1'
compiling main.c...
User\main.c(30): warning:  #177-D: variable "test_data" was declared but never referenced
linking...
Program Size: Code=16308 RO-data=3496 RW-data=60 ZI-data=1836  
FromELF: creating hex file...
"YT32B1_STM32F103_demo.axf" - 0 Error(s), 1 Warning(s).
Build target 'Target 1'
compiling main.c...
User\main.c(59): error:  #65: expected a ";"
User\main.c(30): warning:  #177-D: variable "test_data" was declared but never referenced
Target not created
Rebuild target 'Target 1'
compiling core_cm3.c...
compiling system_stm32f10x.c...
compiling misc.c...
compiling stm32f10x_gpio.c...
compiling stm32f10x_rcc.c...
compiling stm32f10x_usart.c...
compiling stm32f10x_bkp.c...
compiling stm32f10x_pwr.c...
compiling stm32f10x_rtc.c...
compiling stm32f10x_flash.c...
compiling stm32f10x_i2c.c...
assembling startup_stm32f10x_md.s...
compiling main.c...
User\main.c(30): warning:  #177-D: variable "test_data" was declared but never referenced
compiling stm32f10x_it.c...
compiling delay.c...
compiling sys.c...
compiling flash.c...
compiling usart.c...
compiling rtc.c...
compiling i2c.c...
compiling led.c...
compiling key.c...
compiling buzzer.c...
compiling touch_key.c...
compiling TM1640.c...
compiling encoder.c...
compiling lm75a.c...
compiling oled0561.c...
linking...
Program Size: Code=16308 RO-data=3496 RW-data=60 ZI-data=1836  
FromELF: creating hex file...
"YT32B1_STM32F103_demo.axf" - 0 Error(s), 1 Warning(s).
Build target 'Target 1'
compiling main.c...
linking...
Program Size: Code=16228 RO-data=3496 RW-data=60 ZI-data=1836  
FromELF: creating hex file...
"YT32B1_STM32F103_demo.axf" - 0 Error(s), 0 Warning(s).
Build target 'Target 1'
compiling main.c...
User\main.c(30): warning:  #177-D: variable "test_data" was declared but never referenced
linking...
Program Size: Code=16172 RO-data=3496 RW-data=60 ZI-data=1836  
FromELF: creating hex file...
"YT32B1_STM32F103_demo.axf" - 0 Error(s), 1 Warning(s).
Build target 'Target 1'
compiling main.c...
linking...
Program Size: Code=16204 RO-data=3496 RW-data=60 ZI-data=1836  
FromELF: creating hex file...
"YT32B1_STM32F103_demo.axf" - 0 Error(s), 0 Warning(s).
Build target 'Target 1'
compiling main.c...
linking...
Program Size: Code=16204 RO-data=3496 RW-data=60 ZI-data=1836  
FromELF: creating hex file...
"YT32B1_STM32F103_demo.axf" - 0 Error(s), 0 Warning(s).
Build target 'Target 1'
compiling main.c...
linking...
Program Size: Code=16236 RO-data=3496 RW-data=60 ZI-data=1836  
FromELF: creating hex file...
"YT32B1_STM32F103_demo.axf" - 0 Error(s), 0 Warning(s).
Build target 'Target 1'
compiling i2c.c...
linking...
Program Size: Code=16180 RO-data=3496 RW-data=60 ZI-data=1836  
FromELF: creating hex file...
"YT32B1_STM32F103_demo.axf" - 0 Error(s), 0 Warning(s).
Rebuild target 'Target 1'
compiling core_cm3.c...
compiling system_stm32f10x.c...
compiling misc.c...
compiling stm32f10x_gpio.c...
compiling stm32f10x_rcc.c...
compiling stm32f10x_usart.c...
compiling stm32f10x_bkp.c...
compiling stm32f10x_pwr.c...
compiling stm32f10x_rtc.c...
compiling stm32f10x_flash.c...
compiling stm32f10x_i2c.c...
assembling startup_stm32f10x_md.s...
compiling main.c...
compiling stm32f10x_it.c...
compiling delay.c...
compiling sys.c...
compiling flash.c...
compiling usart.c...
compiling rtc.c...
compiling i2c.c...
compiling led.c...
compiling key.c...
compiling buzzer.c...
compiling touch_key.c...
compiling TM1640.c...
compiling encoder.c...
compiling lm75a.c...
compiling oled0561.c...
linking...
Program Size: Code=16180 RO-data=3496 RW-data=60 ZI-data=1836  
FromELF: creating hex file...
"YT32B1_STM32F103_demo.axf" - 0 Error(s), 0 Warning(s).
Build target 'Target 1'
compiling i2c.c...
linking...
Program Size: Code=16188 RO-data=3496 RW-data=60 ZI-data=1836  
FromELF: creating hex file...
"YT32B1_STM32F103_demo.axf" - 0 Error(s), 0 Warning(s).
Build target 'Target 1'
compiling i2c.c...
linking...
Program Size: Code=16156 RO-data=3496 RW-data=60 ZI-data=1836  
FromELF: creating hex file...
"YT32B1_STM32F103_demo.axf" - 0 Error(s), 0 Warning(s).
Build target 'Target 1'
compiling main.c...
User\main.c(69): error:  #137: expression must be a modifiable lvalue
compiling i2c.c...
Target not created
Build target 'Target 1'
compiling main.c...
linking...
Program Size: Code=16080 RO-data=3496 RW-data=60 ZI-data=1836  
FromELF: creating hex file...
"YT32B1_STM32F103_demo.axf" - 0 Error(s), 0 Warning(s).
Build target 'Target 1'
compiling main.c...
User\main.c(78): warning:  #175-D: subscript out of range
User\main.c(82): warning: C3487E: read from variable 'test_data' with offset out of bounds
linking...
Program Size: Code=16288 RO-data=3496 RW-data=60 ZI-data=1836  
FromELF: creating hex file...
"YT32B1_STM32F103_demo.axf" - 0 Error(s), 2 Warning(s).
Build target 'Target 1'
compiling main.c...
linking...
Program Size: Code=16264 RO-data=3496 RW-data=60 ZI-data=1836  
FromELF: creating hex file...
"YT32B1_STM32F103_demo.axf" - 0 Error(s), 0 Warning(s).
Build target 'Target 1'
compiling main.c...
linking...
Program Size: Code=16264 RO-data=3496 RW-data=60 ZI-data=1836  
FromELF: creating hex file...
"YT32B1_STM32F103_demo.axf" - 0 Error(s), 0 Warning(s).
Build target 'Target 1'
compiling i2c.c...
linking...
Program Size: Code=16340 RO-data=3496 RW-data=60 ZI-data=1836  
FromELF: creating hex file...
"YT32B1_STM32F103_demo.axf" - 0 Error(s), 0 Warning(s).
Build target 'Target 1'
compiling main.c...
linking...
Program Size: Code=16340 RO-data=3496 RW-data=60 ZI-data=1836  
FromELF: creating hex file...
"YT32B1_STM32F103_demo.axf" - 0 Error(s), 0 Warning(s).
Build target 'Target 1'
compiling main.c...
User\main.c(78): warning:  #175-D: subscript out of range
User\main.c(82): warning: C3487E: read from variable 'test_data' with offset out of bounds
linking...
Program Size: Code=16364 RO-data=3496 RW-data=60 ZI-data=1836  
FromELF: creating hex file...
"YT32B1_STM32F103_demo.axf" - 0 Error(s), 2 Warning(s).
Build target 'Target 1'
compiling main.c...
User\main.c(78): warning:  #175-D: subscript out of range
User\main.c(82): warning: C3487E: read from variable 'test_data' with offset out of bounds
linking...
Program Size: Code=16364 RO-data=3496 RW-data=60 ZI-data=1836  
FromELF: creating hex file...
"YT32B1_STM32F103_demo.axf" - 0 Error(s), 2 Warning(s).
Build target 'Target 1'
compiling main.c...
linking...
Program Size: Code=16368 RO-data=3496 RW-data=60 ZI-data=1836  
FromELF: creating hex file...
"YT32B1_STM32F103_demo.axf" - 0 Error(s), 0 Warning(s).
Build target 'Target 1'
compiling main.c...
linking...
Program Size: Code=16368 RO-data=3496 RW-data=60 ZI-data=1836  
FromELF: creating hex file...
"YT32B1_STM32F103_demo.axf" - 0 Error(s), 0 Warning(s).
Build target 'Target 1'
compiling main.c...
linking...
Program Size: Code=16368 RO-data=3496 RW-data=60 ZI-data=1836  
FromELF: creating hex file...
"YT32B1_STM32F103_demo.axf" - 0 Error(s), 0 Warning(s).
Build target 'Target 1'
compiling main.c...
linking...
Program Size: Code=16340 RO-data=3496 RW-data=60 ZI-data=1836  
FromELF: creating hex file...
"YT32B1_STM32F103_demo.axf" - 0 Error(s), 0 Warning(s).
Build target 'Target 1'
compiling main.c...
linking...
Program Size: Code=16340 RO-data=3496 RW-data=60 ZI-data=1836  
FromELF: creating hex file...
"YT32B1_STM32F103_demo.axf" - 0 Error(s), 0 Warning(s).
Build target 'Target 1'
compiling main.c...
linking...
Program Size: Code=16340 RO-data=3496 RW-data=60 ZI-data=1836  
FromELF: creating hex file...
"YT32B1_STM32F103_demo.axf" - 0 Error(s), 0 Warning(s).
Build target 'Target 1'
linking...
Program Size: Code=16340 RO-data=3496 RW-data=60 ZI-data=1836  
FromELF: creating hex file...
"YT32B1_STM32F103_demo.axf" - 0 Error(s), 0 Warning(s).
Rebuild target 'Target 1'
compiling core_cm3.c...
compiling system_stm32f10x.c...
compiling misc.c...
compiling stm32f10x_gpio.c...
compiling stm32f10x_rcc.c...
compiling stm32f10x_usart.c...
compiling stm32f10x_bkp.c...
compiling stm32f10x_pwr.c...
compiling stm32f10x_rtc.c...
compiling stm32f10x_flash.c...
compiling stm32f10x_i2c.c...
assembling startup_stm32f10x_md.s...
compiling main.c...
compiling stm32f10x_it.c...
compiling delay.c...
compiling sys.c...
compiling flash.c...
compiling usart.c...
compiling rtc.c...
compiling i2c.c...
compiling led.c...
compiling key.c...
compiling buzzer.c...
compiling touch_key.c...
compiling TM1640.c...
compiling encoder.c...
compiling lm75a.c...
compiling oled0561.c...
linking...
Program Size: Code=16340 RO-data=3496 RW-data=60 ZI-data=1836  
FromELF: creating hex file...
"YT32B1_STM32F103_demo.axf" - 0 Error(s), 0 Warning(s).
Build target 'Target 1'
compiling main.c...
linking...
Program Size: Code=16340 RO-data=3496 RW-data=60 ZI-data=1836  
FromELF: creating hex file...
"YT32B1_STM32F103_demo.axf" - 0 Error(s), 0 Warning(s).
Build target 'Target 1'
compiling main.c...
linking...
Program Size: Code=16340 RO-data=3496 RW-data=60 ZI-data=1836  
FromELF: creating hex file...
"YT32B1_STM32F103_demo.axf" - 0 Error(s), 0 Warning(s).
Build target 'Target 1'
compiling main.c...
linking...
Program Size: Code=16372 RO-data=3496 RW-data=60 ZI-data=1836  
FromELF: creating hex file...
"YT32B1_STM32F103_demo.axf" - 0 Error(s), 0 Warning(s).
Build target 'Target 1'
compiling main.c...
User\main.c(77): warning:  #175-D: subscript out of range
User\main.c(81): warning: C3487E: read from variable 'test_data' with offset out of bounds
linking...
Program Size: Code=16340 RO-data=3496 RW-data=60 ZI-data=1836  
FromELF: creating hex file...
"YT32B1_STM32F103_demo.axf" - 0 Error(s), 2 Warning(s).
Build target 'Target 1'
compiling main.c...
User\main.c(77): warning:  #175-D: subscript out of range
User\main.c(81): warning: C3487E: read from variable 'test_data' with offset out of bounds
linking...
Program Size: Code=16340 RO-data=3496 RW-data=60 ZI-data=1836  
FromELF: creating hex file...
"YT32B1_STM32F103_demo.axf" - 0 Error(s), 2 Warning(s).
Build target 'Target 1'
compiling main.c...
linking...
Program Size: Code=16340 RO-data=3496 RW-data=60 ZI-data=1836  
FromELF: creating hex file...
"YT32B1_STM32F103_demo.axf" - 0 Error(s), 0 Warning(s).
Build target 'Target 1'
compiling main.c...
linking...
Program Size: Code=16340 RO-data=3496 RW-data=60 ZI-data=1836  
FromELF: creating hex file...
"YT32B1_STM32F103_demo.axf" - 0 Error(s), 0 Warning(s).
Build target 'Target 1'
compiling main.c...
linking...
Program Size: Code=16340 RO-data=3496 RW-data=60 ZI-data=1836  
FromELF: creating hex file...
"YT32B1_STM32F103_demo.axf" - 0 Error(s), 0 Warning(s).
Build target 'Target 1'
compiling main.c...
linking...
Program Size: Code=16340 RO-data=3496 RW-data=60 ZI-data=1836  
FromELF: creating hex file...
"YT32B1_STM32F103_demo.axf" - 0 Error(s), 0 Warning(s).
Build target 'Target 1'
compiling main.c...
linking...
Program Size: Code=16340 RO-data=3496 RW-data=60 ZI-data=1836  
FromELF: creating hex file...
"YT32B1_STM32F103_demo.axf" - 0 Error(s), 0 Warning(s).
Build target 'Target 1'
compiling main.c...
linking...
Program Size: Code=16340 RO-data=3496 RW-data=60 ZI-data=1836  
FromELF: creating hex file...
"YT32B1_STM32F103_demo.axf" - 0 Error(s), 0 Warning(s).
Build target 'Target 1'
compiling main.c...
linking...
Program Size: Code=16340 RO-data=3496 RW-data=60 ZI-data=1836  
FromELF: creating hex file...
"YT32B1_STM32F103_demo.axf" - 0 Error(s), 0 Warning(s).
Build target 'Target 1'
compiling main.c...
linking...
Program Size: Code=16340 RO-data=3496 RW-data=60 ZI-data=1836  
FromELF: creating hex file...
"YT32B1_STM32F103_demo.axf" - 0 Error(s), 0 Warning(s).
Build target 'Target 1'
compiling main.c...
linking...
Program Size: Code=16340 RO-data=3496 RW-data=60 ZI-data=1836  
FromELF: creating hex file...
"YT32B1_STM32F103_demo.axf" - 0 Error(s), 0 Warning(s).
Build target 'Target 1'
compiling main.c...
compiling oled0561.c...
Hardware\OLED0561\oled0561.c(143): warning:  #940-D: missing return statement at end of non-void function "OLED_Read_Display"
linking...
Program Size: Code=16392 RO-data=3496 RW-data=60 ZI-data=1836  
FromELF: creating hex file...
"YT32B1_STM32F103_demo.axf" - 0 Error(s), 1 Warning(s).
Build target 'Target 1'
compiling main.c...
compiling oled0561.c...
linking...
Program Size: Code=16392 RO-data=3496 RW-data=60 ZI-data=1836  
FromELF: creating hex file...
"YT32B1_STM32F103_demo.axf" - 0 Error(s), 0 Warning(s).
Build target 'Target 1'
compiling main.c...
compiling oled0561.c...
Hardware\OLED0561\oled0561.c(146): error:  #20: identifier "times" is undefined
Hardware\OLED0561\oled0561.c(146): error:  #141-D: unnamed prototyped parameters not allowed when body is present
Hardware\OLED0561\oled0561.c(149): error:  #20: identifier "times" is undefined
Hardware\OLED0561\oled0561.c(161): error:  #20: identifier "x_intger" is undefined
Hardware\OLED0561\oled0561.c(162): error:  #20: identifier "x_remainder" is undefined
Hardware\OLED0561\oled0561.c(165): error:  #268: declaration may not appear after executable statement in block
Hardware\OLED0561\oled0561.c(168): error:  #20: identifier "c" is undefined
Hardware\OLED0561\oled0561.c(175): error:  #20: identifier "x_intger_end" is undefined
Hardware\OLED0561\oled0561.c(176): error:  #20: identifier "x_remainder_end" is undefined
Target not created
Build target 'Target 1'
compiling oled0561.c...
Hardware\OLED0561\oled0561.c(146): error:  #20: identifier "times" is undefined
Hardware\OLED0561\oled0561.c(146): error:  #141-D: unnamed prototyped parameters not allowed when body is present
Hardware\OLED0561\oled0561.c(149): error:  #20: identifier "times" is undefined
Hardware\OLED0561\oled0561.c(165): error:  #268: declaration may not appear after executable statement in block
Hardware\OLED0561\oled0561.c(168): error:  #20: identifier "c" is undefined
Hardware\OLED0561\oled0561.c(175): error:  #20: identifier "x_intger_end" is undefined
Hardware\OLED0561\oled0561.c(176): error:  #20: identifier "x_remainder_end" is undefined
Target not created
Build target 'Target 1'
compiling oled0561.c...
Hardware\OLED0561\oled0561.c(146): error:  #20: identifier "times" is undefined
Hardware\OLED0561\oled0561.c(146): error:  #141-D: unnamed prototyped parameters not allowed when body is present
Hardware\OLED0561\oled0561.c(149): error:  #20: identifier "times" is undefined
Hardware\OLED0561\oled0561.c(165): error:  #268: declaration may not appear after executable statement in block
Hardware\OLED0561\oled0561.c(168): error:  #20: identifier "c" is undefined
Hardware\OLED0561\oled0561.c(175): error:  #268: declaration may not appear after executable statement in block
Hardware\OLED0561\oled0561.c(176): error:  #268: declaration may not appear after executable statement in block
Hardware\OLED0561\oled0561.c(176): warning:  #177-D: variable "x_remainder_end" was declared but never referenced
Target not created
Build target 'Target 1'
compiling oled0561.c...
Hardware\OLED0561\oled0561.c(146): error:  #20: identifier "times" is undefined
Hardware\OLED0561\oled0561.c(146): error:  #141-D: unnamed prototyped parameters not allowed when body is present
Hardware\OLED0561\oled0561.c(149): error:  #20: identifier "times" is undefined
Hardware\OLED0561\oled0561.c(166): error:  #268: declaration may not appear after executable statement in block
Hardware\OLED0561\oled0561.c(176): error:  #268: declaration may not appear after executable statement in block
Hardware\OLED0561\oled0561.c(177): error:  #268: declaration may not appear after executable statement in block
Hardware\OLED0561\oled0561.c(177): warning:  #177-D: variable "x_remainder_end" was declared but never referenced
Target not created
Build target 'Target 1'
compiling oled0561.c...
Hardware\OLED0561\oled0561.c(166): error:  #268: declaration may not appear after executable statement in block
Hardware\OLED0561\oled0561.c(176): error:  #268: declaration may not appear after executable statement in block
Hardware\OLED0561\oled0561.c(177): error:  #268: declaration may not appear after executable statement in block
Hardware\OLED0561\oled0561.c(177): warning:  #177-D: variable "x_remainder_end" was declared but never referenced
Target not created
Build target 'Target 1'
compiling oled0561.c...
Hardware\OLED0561\oled0561.c(167): error:  #268: declaration may not appear after executable statement in block
Hardware\OLED0561\oled0561.c(177): error:  #268: declaration may not appear after executable statement in block
Hardware\OLED0561\oled0561.c(178): error:  #268: declaration may not appear after executable statement in block
Hardware\OLED0561\oled0561.c(178): warning:  #177-D: variable "x_remainder_end" was declared but never referenced
Target not created
Build target 'Target 1'
compiling oled0561.c...
Hardware\OLED0561\oled0561.c(167): error:  #268: declaration may not appear after executable statement in block
Hardware\OLED0561\oled0561.c(162): warning:  #177-D: variable "page_num2" was declared but never referenced
Target not created
Build target 'Target 1'
compiling oled0561.c...
Hardware\OLED0561\oled0561.c(162): warning:  #177-D: variable "page_num2" was declared but never referenced
linking...
Program Size: Code=16532 RO-data=3496 RW-data=60 ZI-data=1836  
FromELF: creating hex file...
"YT32B1_STM32F103_demo.axf" - 0 Error(s), 1 Warning(s).
Build target 'Target 1'
compiling main.c...
User\main.c(30): warning:  #177-D: variable "test_data" was declared but never referenced
linking...
Program Size: Code=16316 RO-data=3496 RW-data=60 ZI-data=1836  
FromELF: creating hex file...
"YT32B1_STM32F103_demo.axf" - 0 Error(s), 1 Warning(s).
Build target 'Target 1'
compiling main.c...
User\main.c(30): warning:  #177-D: variable "test_data" was declared but never referenced
compiling oled0561.c...
Hardware\OLED0561\oled0561.c(162): warning:  #177-D: variable "page_num2" was declared but never referenced
linking...
Program Size: Code=16396 RO-data=3496 RW-data=60 ZI-data=1836  
FromELF: creating hex file...
"YT32B1_STM32F103_demo.axf" - 0 Error(s), 2 Warning(s).
Build target 'Target 1'
compiling oled0561.c...
Hardware\OLED0561\oled0561.c(162): warning:  #177-D: variable "page_num2" was declared but never referenced
linking...
Program Size: Code=16408 RO-data=3496 RW-data=60 ZI-data=1836  
FromELF: creating hex file...
"YT32B1_STM32F103_demo.axf" - 0 Error(s), 1 Warning(s).
Build target 'Target 1'
compiling oled0561.c...
Hardware\OLED0561\oled0561.c(162): warning:  #177-D: variable "page_num2" was declared but never referenced
linking...
Program Size: Code=16396 RO-data=3496 RW-data=60 ZI-data=1836  
FromELF: creating hex file...
"YT32B1_STM32F103_demo.axf" - 0 Error(s), 1 Warning(s).
Build target 'Target 1'
compiling oled0561.c...
Hardware\OLED0561\oled0561.c(162): warning:  #177-D: variable "page_num2" was declared but never referenced
linking...
Program Size: Code=16408 RO-data=3496 RW-data=60 ZI-data=1836  
FromELF: creating hex file...
"YT32B1_STM32F103_demo.axf" - 0 Error(s), 1 Warning(s).
Build target 'Target 1'
compiling main.c...
User\main.c(30): warning:  #177-D: variable "test_data" was declared but never referenced
linking...
Program Size: Code=16400 RO-data=3496 RW-data=60 ZI-data=1836  
FromELF: creating hex file...
"YT32B1_STM32F103_demo.axf" - 0 Error(s), 1 Warning(s).
Build target 'Target 1'
compiling oled0561.c...
Hardware\OLED0561\oled0561.c(162): warning:  #177-D: variable "page_num2" was declared but never referenced
linking...
Program Size: Code=16404 RO-data=3496 RW-data=60 ZI-data=1836  
FromELF: creating hex file...
"YT32B1_STM32F103_demo.axf" - 0 Error(s), 1 Warning(s).
Build target 'Target 1'
compiling main.c...
User\main.c(30): warning:  #177-D: variable "test_data" was declared but never referenced
compiling oled0561.c...
Hardware\OLED0561\oled0561.c(167): error:  #268: declaration may not appear after executable statement in block
Hardware\OLED0561\oled0561.c(168): error:  #268: declaration may not appear after executable statement in block
Hardware\OLED0561\oled0561.c(162): warning:  #177-D: variable "page_num2" was declared but never referenced
Target not created
Build target 'Target 1'
compiling oled0561.c...
Hardware\OLED0561\oled0561.c(162): warning:  #177-D: variable "page_num2" was declared but never referenced
linking...
Program Size: Code=16412 RO-data=3496 RW-data=60 ZI-data=1836  
FromELF: creating hex file...
"YT32B1_STM32F103_demo.axf" - 0 Error(s), 1 Warning(s).
Build target 'Target 1'
compiling main.c...
User\main.c(30): warning:  #177-D: variable "test_data" was declared but never referenced
linking...
Program Size: Code=16412 RO-data=3496 RW-data=60 ZI-data=1836  
FromELF: creating hex file...
"YT32B1_STM32F103_demo.axf" - 0 Error(s), 1 Warning(s).
Build target 'Target 1'
compiling main.c...
User\main.c(30): warning:  #177-D: variable "test_data" was declared but never referenced
linking...
Program Size: Code=16412 RO-data=3496 RW-data=60 ZI-data=1836  
FromELF: creating hex file...
"YT32B1_STM32F103_demo.axf" - 0 Error(s), 1 Warning(s).
Build target 'Target 1'
compiling main.c...
User\main.c(30): warning:  #177-D: variable "test_data" was declared but never referenced
linking...
Program Size: Code=16412 RO-data=3496 RW-data=60 ZI-data=1836  
FromELF: creating hex file...
"YT32B1_STM32F103_demo.axf" - 0 Error(s), 1 Warning(s).
Build target 'Target 1'
compiling oled0561.c...
linking...
Program Size: Code=16620 RO-data=3496 RW-data=60 ZI-data=1836  
FromELF: creating hex file...
"YT32B1_STM32F103_demo.axf" - 0 Error(s), 0 Warning(s).
Build target 'Target 1'
compiling main.c...
User\main.c(30): warning:  #177-D: variable "test_data" was declared but never referenced
linking...
Program Size: Code=16620 RO-data=3496 RW-data=60 ZI-data=1836  
FromELF: creating hex file...
"YT32B1_STM32F103_demo.axf" - 0 Error(s), 1 Warning(s).
Build target 'Target 1'
compiling main.c...
User\main.c(30): warning:  #177-D: variable "test_data" was declared but never referenced
linking...
Program Size: Code=16620 RO-data=3496 RW-data=60 ZI-data=1836  
FromELF: creating hex file...
"YT32B1_STM32F103_demo.axf" - 0 Error(s), 1 Warning(s).
Build target 'Target 1'
compiling oled0561.c...
Hardware\OLED0561\oled0561.c(233): error:  #20: identifier "Orbyte" is undefined
Hardware\OLED0561\oled0561.c(158): warning:  #177-D: variable "i" was declared but never referenced
Hardware\OLED0561\oled0561.c(167): warning:  #550-D: variable "OrByte" was set but never used
Target not created
Build target 'Target 1'
compiling oled0561.c...
Hardware\OLED0561\oled0561.c(233): error:  #20: identifier "Orbyte" is undefined
Hardware\OLED0561\oled0561.c(167): warning:  #550-D: variable "OrByte" was set but never used
Target not created
Build target 'Target 1'
compiling oled0561.c...
linking...
Program Size: Code=16848 RO-data=3496 RW-data=60 ZI-data=1836  
FromELF: creating hex file...
"YT32B1_STM32F103_demo.axf" - 0 Error(s), 0 Warning(s).
Build target 'Target 1'
compiling oled0561.c...
Hardware\OLED0561\oled0561.c(162): warning:  #177-D: variable "page_num2" was declared but never referenced
linking...
Program Size: Code=16668 RO-data=3496 RW-data=60 ZI-data=1836  
FromELF: creating hex file...
"YT32B1_STM32F103_demo.axf" - 0 Error(s), 1 Warning(s).
Build target 'Target 1'
compiling oled0561.c...
linking...
Program Size: Code=16848 RO-data=3496 RW-data=60 ZI-data=1836  
FromELF: creating hex file...
"YT32B1_STM32F103_demo.axf" - 0 Error(s), 0 Warning(s).
Build target 'Target 1'
compiling oled0561.c...
linking...
Program Size: Code=16856 RO-data=3496 RW-data=60 ZI-data=1836  
FromELF: creating hex file...
"YT32B1_STM32F103_demo.axf" - 0 Error(s), 0 Warning(s).
Build target 'Target 1'
compiling oled0561.c...
linking...
Program Size: Code=16860 RO-data=3496 RW-data=60 ZI-data=1836  
FromELF: creating hex file...
"YT32B1_STM32F103_demo.axf" - 0 Error(s), 0 Warning(s).
Build target 'Target 1'
compiling oled0561.c...
linking...
Program Size: Code=16860 RO-data=3496 RW-data=60 ZI-data=1836  
FromELF: creating hex file...
"YT32B1_STM32F103_demo.axf" - 0 Error(s), 0 Warning(s).
Build target 'Target 1'
compiling main.c...
User\main.c(30): warning:  #177-D: variable "test_data" was declared but never referenced
linking...
Program Size: Code=16860 RO-data=3496 RW-data=60 ZI-data=1836  
FromELF: creating hex file...
"YT32B1_STM32F103_demo.axf" - 0 Error(s), 1 Warning(s).
Build target 'Target 1'
compiling main.c...
linking...
Program Size: Code=16860 RO-data=3496 RW-data=60 ZI-data=1836  
FromELF: creating hex file...
"YT32B1_STM32F103_demo.axf" - 0 Error(s), 0 Warning(s).
Build target 'Target 1'
compiling main.c...
linking...
Program Size: Code=16860 RO-data=3496 RW-data=60 ZI-data=1836  
FromELF: creating hex file...
"YT32B1_STM32F103_demo.axf" - 0 Error(s), 0 Warning(s).
Build target 'Target 1'
compiling main.c...
linking...
Program Size: Code=16860 RO-data=3496 RW-data=60 ZI-data=1836  
FromELF: creating hex file...
"YT32B1_STM32F103_demo.axf" - 0 Error(s), 0 Warning(s).
Build target 'Target 1'
compiling main.c...
linking...
Program Size: Code=16860 RO-data=3496 RW-data=60 ZI-data=1836  
FromELF: creating hex file...
"YT32B1_STM32F103_demo.axf" - 0 Error(s), 0 Warning(s).
Build target 'Target 1'
compiling main.c...
linking...
Program Size: Code=16860 RO-data=3496 RW-data=60 ZI-data=1836  
FromELF: creating hex file...
"YT32B1_STM32F103_demo.axf" - 0 Error(s), 0 Warning(s).
Build target 'Target 1'
compiling main.c...
linking...
Program Size: Code=16860 RO-data=3496 RW-data=60 ZI-data=1836  
FromELF: creating hex file...
"YT32B1_STM32F103_demo.axf" - 0 Error(s), 0 Warning(s).
Build target 'Target 1'
compiling main.c...
linking...
Program Size: Code=16860 RO-data=3496 RW-data=60 ZI-data=1836  
FromELF: creating hex file...
"YT32B1_STM32F103_demo.axf" - 0 Error(s), 0 Warning(s).
Build target 'Target 1'
compiling main.c...
linking...
Program Size: Code=16860 RO-data=3496 RW-data=60 ZI-data=1836  
FromELF: creating hex file...
"YT32B1_STM32F103_demo.axf" - 0 Error(s), 0 Warning(s).
Build target 'Target 1'
compiling main.c...
linking...
Program Size: Code=16860 RO-data=3496 RW-data=60 ZI-data=1836  
FromELF: creating hex file...
"YT32B1_STM32F103_demo.axf" - 0 Error(s), 0 Warning(s).
Build target 'Target 1'
compiling main.c...
linking...
Program Size: Code=16860 RO-data=3496 RW-data=60 ZI-data=1836  
FromELF: creating hex file...
"YT32B1_STM32F103_demo.axf" - 0 Error(s), 0 Warning(s).
Build target 'Target 1'
compiling main.c...
linking...
Program Size: Code=16860 RO-data=3496 RW-data=60 ZI-data=1836  
FromELF: creating hex file...
"YT32B1_STM32F103_demo.axf" - 0 Error(s), 0 Warning(s).
