<html>
<body>
<pre>
<h1>µVision Build Log</h1>
<h2>Project:</h2>
D:\Code\stm32\DAY_0114\buzzer_led\YT32B1_STM32F103_demo.uvproj
Project File Date:  01/14/2024

<h2>Output:</h2>
Build target 'Target 1'
compiling core_cm3.c...
compiling system_stm32f10x.c...
compiling misc.c...
compiling stm32f10x_gpio.c...
compiling stm32f10x_rcc.c...
compiling stm32f10x_usart.c...
compiling stm32f10x_bkp.c...
compiling stm32f10x_pwr.c...
compiling stm32f10x_rtc.c...
compiling stm32f10x_flash.c...
compiling main.c...
compiling stm32f10x_it.c...
compiling delay.c...
compiling sys.c...
compiling flash.c...
compiling led.c...
compiling key.c...
compiling buzzer.c...
linking...
Program Size: Code=4868 RO-data=268 RW-data=40 ZI-data=1632  
FromELF: creating hex file...
"YT32B1_STM32F103_demo.axf" - 0 Error(s), 0 Warning(s).
Build target 'Target 1'
compiling main.c...
compiling buzzer.c...
linking...
Program Size: Code=4904 RO-data=268 RW-data=40 ZI-data=1632  
FromELF: creating hex file...
"YT32B1_STM32F103_demo.axf" - 0 Error(s), 0 Warning(s).
Rebuild target 'Target 1'
compiling core_cm3.c...
compiling system_stm32f10x.c...
compiling misc.c...
compiling stm32f10x_gpio.c...
compiling stm32f10x_rcc.c...
compiling stm32f10x_usart.c...
compiling stm32f10x_bkp.c...
compiling stm32f10x_pwr.c...
compiling stm32f10x_rtc.c...
compiling stm32f10x_flash.c...
assembling startup_stm32f10x_md.s...
compiling main.c...
compiling stm32f10x_it.c...
compiling delay.c...
compiling sys.c...
compiling flash.c...
compiling led.c...
compiling key.c...
compiling buzzer.c...
linking...
Program Size: Code=4904 RO-data=268 RW-data=40 ZI-data=1632  
FromELF: creating hex file...
"YT32B1_STM32F103_demo.axf" - 0 Error(s), 0 Warning(s).
Rebuild target 'Target 1'
compiling core_cm3.c...
compiling system_stm32f10x.c...
compiling misc.c...
compiling stm32f10x_gpio.c...
compiling stm32f10x_rcc.c...
compiling stm32f10x_usart.c...
compiling stm32f10x_bkp.c...
compiling stm32f10x_pwr.c...
compiling stm32f10x_rtc.c...
compiling stm32f10x_flash.c...
assembling startup_stm32f10x_md.s...
compiling main.c...
compiling stm32f10x_it.c...
compiling delay.c...
compiling sys.c...
compiling flash.c...
compiling led.c...
compiling key.c...
compiling buzzer.c...
linking...
Program Size: Code=4904 RO-data=268 RW-data=40 ZI-data=1632  
FromELF: creating hex file...
"YT32B1_STM32F103_demo.axf" - 0 Error(s), 0 Warning(s).
Build target 'Target 1'
compiling buzzer.c...
linking...
Program Size: Code=4904 RO-data=268 RW-data=40 ZI-data=1632  
FromELF: creating hex file...
"YT32B1_STM32F103_demo.axf" - 0 Error(s), 0 Warning(s).
Build target 'Target 1'
compiling buzzer.c...
Hardware\BUZZER\buzzer.c(35): warning:  #550-D: variable "delay_time" was set but never used
linking...
Program Size: Code=4908 RO-data=268 RW-data=40 ZI-data=1632  
FromELF: creating hex file...
"YT32B1_STM32F103_demo.axf" - 0 Error(s), 1 Warning(s).
Rebuild target 'Target 1'
compiling core_cm3.c...
compiling system_stm32f10x.c...
compiling misc.c...
compiling stm32f10x_gpio.c...
compiling stm32f10x_rcc.c...
compiling stm32f10x_usart.c...
compiling stm32f10x_bkp.c...
compiling stm32f10x_pwr.c...
compiling stm32f10x_rtc.c...
compiling stm32f10x_flash.c...
assembling startup_stm32f10x_md.s...
compiling main.c...
compiling stm32f10x_it.c...
compiling delay.c...
compiling sys.c...
compiling flash.c...
compiling led.c...
compiling key.c...
compiling buzzer.c...
Hardware\BUZZER\buzzer.c(35): warning:  #550-D: variable "delay_time" was set but never used
linking...
Program Size: Code=4908 RO-data=268 RW-data=40 ZI-data=1632  
FromELF: creating hex file...
"YT32B1_STM32F103_demo.axf" - 0 Error(s), 1 Warning(s).
Build target 'Target 1'
compiling buzzer.c...
linking...
Program Size: Code=4880 RO-data=268 RW-data=40 ZI-data=1632  
FromELF: creating hex file...
"YT32B1_STM32F103_demo.axf" - 0 Error(s), 0 Warning(s).
Build target 'Target 1'
compiling buzzer.c...
linking...
Program Size: Code=4904 RO-data=268 RW-data=40 ZI-data=1632  
FromELF: creating hex file...
"YT32B1_STM32F103_demo.axf" - 0 Error(s), 0 Warning(s).
Build target 'Target 1'
compiling buzzer.c...
linking...
Program Size: Code=4900 RO-data=268 RW-data=40 ZI-data=1632  
FromELF: creating hex file...
"YT32B1_STM32F103_demo.axf" - 0 Error(s), 0 Warning(s).
Build target 'Target 1'
compiling main.c...
compiling buzzer.c...
Hardware\BUZZER\buzzer.c(33): error:  #147-D: declaration is incompatible with "void BUZZER_BEEP1(u32)" (declared at line 11 of "Hardware\BUZZER\buzzer.h")
Target not created
Build target 'Target 1'
compiling buzzer.c...
linking...
Program Size: Code=4884 RO-data=268 RW-data=40 ZI-data=1632  
FromELF: creating hex file...
"YT32B1_STM32F103_demo.axf" - 0 Error(s), 0 Warning(s).
Build target 'Target 1'
compiling main.c...
compiling buzzer.c...
linking...
Program Size: Code=4880 RO-data=268 RW-data=40 ZI-data=1632  
FromELF: creating hex file...
"YT32B1_STM32F103_demo.axf" - 0 Error(s), 0 Warning(s).
Build target 'Target 1'
compiling buzzer.c...
linking...
Program Size: Code=4880 RO-data=268 RW-data=40 ZI-data=1632  
FromELF: creating hex file...
"YT32B1_STM32F103_demo.axf" - 0 Error(s), 0 Warning(s).
