<html>
<body>
<pre>
<h1>µVision Build Log</h1>
<h2>Project:</h2>
D:\Code\stm32\DAY_0119\usart_test\YT32B1_STM32F103_demo.uvproj
Project File Date:  01/09/2018

<h2>Output:</h2>
Build target 'Target 1'
compiling main.c...
compiling usart.c...
linking...
Program Size: Code=14732 RO-data=952 RW-data=56 ZI-data=2088  
FromELF: creating hex file...
"YT32B1_STM32F103_demo.axf" - 0 Error(s), 0 Warning(s).
Build target 'Target 1'
compiling usart.c...
linking...
Program Size: Code=12236 RO-data=940 RW-data=48 ZI-data=1832  
FromELF: creating hex file...
"YT32B1_STM32F103_demo.axf" - 0 Error(s), 0 Warning(s).
Build target 'Target 1'
compiling usart.c...
Basic\usart\usart.c(45): error:  #167: argument of type "uint16_t" is incompatible with parameter of type "USART_TypeDef *"
Basic\usart\usart.c(45): error:  #165: too few arguments in function call
Basic\usart\usart.c(46): warning:  #117-D: non-void function "fputc" should return a value
Target not created
Build target 'Target 1'
compiling usart.c...
linking...
Program Size: Code=14248 RO-data=952 RW-data=56 ZI-data=2088  
FromELF: creating hex file...
"YT32B1_STM32F103_demo.axf" - 0 Error(s), 0 Warning(s).
Build target 'Target 1'
compiling usart.c...
linking...
Program Size: Code=12232 RO-data=940 RW-data=48 ZI-data=1832  
FromELF: creating hex file...
"YT32B1_STM32F103_demo.axf" - 0 Error(s), 0 Warning(s).
Build target 'Target 1'
compiling main.c...
compiling usart.c...
Basic\usart\usart.c(126): warning:  #188-D: enumerated type mixed with another type
linking...
Program Size: Code=12268 RO-data=940 RW-data=48 ZI-data=1832  
FromELF: creating hex file...
"YT32B1_STM32F103_demo.axf" - 0 Error(s), 1 Warning(s).
Build target 'Target 1'
compiling usart.c...
Basic\usart\usart.c(126): warning:  #188-D: enumerated type mixed with another type
linking...
Program Size: Code=14764 RO-data=952 RW-data=56 ZI-data=2088  
FromELF: creating hex file...
"YT32B1_STM32F103_demo.axf" - 0 Error(s), 1 Warning(s).
Build target 'Target 1'
compiling main.c...
compiling flash.c...
compiling usart.c...
linking...
Program Size: Code=12236 RO-data=940 RW-data=48 ZI-data=1888  
FromELF: creating hex file...
"YT32B1_STM32F103_demo.axf" - 0 Error(s), 0 Warning(s).
