<html>
<body>
<pre>
<h1>µVision Build Log</h1>
<h2>Project:</h2>
D:\Code\stm32\learn_1_2_2\code\YT32B1_STM32F103_demo.uvproj
Project File Date:  01/11/2024

<h2>Output:</h2>
Rebuild target 'Target 1'
compiling core_cm3.c...
compiling system_stm32f10x.c...
compiling misc.c...
compiling stm32f10x_gpio.c...
compiling stm32f10x_rcc.c...
compiling stm32f10x_usart.c...
compiling stm32f10x_bkp.c...
compiling stm32f10x_pwr.c...
compiling stm32f10x_rtc.c...
compiling stm32f10x_flash.c...
assembling startup_stm32f10x_md.s...
compiling main.c...
compiling stm32f10x_it.c...
compiling delay.c...
compiling sys.c...
compiling led.c...
compiling key.c...
linking...
Program Size: Code=4588 RO-data=268 RW-data=40 ZI-data=1632  
FromELF: creating hex file...
"YT32B1_STM32F103_demo.axf" - 0 Error(s), 0 Warning(s).
Build target 'Target 1'
compiling main.c...
linking...
Program Size: Code=4584 RO-data=268 RW-data=40 ZI-data=1632  
FromELF: creating hex file...
"YT32B1_STM32F103_demo.axf" - 0 Error(s), 0 Warning(s).
Build target 'Target 1'
compiling main.c...
linking...
Program Size: Code=4584 RO-data=268 RW-data=40 ZI-data=1632  
FromELF: creating hex file...
"YT32B1_STM32F103_demo.axf" - 0 Error(s), 0 Warning(s).
Build target 'Target 1'
compiling main.c...
linking...
Program Size: Code=4592 RO-data=268 RW-data=40 ZI-data=1632  
FromELF: creating hex file...
"YT32B1_STM32F103_demo.axf" - 0 Error(s), 0 Warning(s).
