<html>
<body>
<pre>
<h1>µVision Build Log</h1>
<h2>Project:</h2>
D:\Code\stm32\DAY_0123\seven_segment_display\YT32B1_STM32F103_demo.uvproj
Project File Date:  01/23/2024

<h2>Output:</h2>
Build target 'Target 1'
compiling core_cm3.c...
compiling system_stm32f10x.c...
compiling misc.c...
compiling stm32f10x_gpio.c...
compiling stm32f10x_rcc.c...
compiling stm32f10x_usart.c...
compiling stm32f10x_bkp.c...
compiling stm32f10x_pwr.c...
compiling stm32f10x_rtc.c...
compiling stm32f10x_flash.c...
compiling main.c...
compiling stm32f10x_it.c...
compiling delay.c...
compiling sys.c...
compiling flash.c...
compiling usart.c...
compiling rtc.c...
compiling led.c...
compiling key.c...
compiling buzzer.c...
compiling touch_key.c...
compiling TM1640.c...
linking...
Program Size: Code=14180 RO-data=808 RW-data=60 ZI-data=1836  
FromELF: creating hex file...
"YT32B1_STM32F103_demo.axf" - 0 Error(s), 0 Warning(s).
